Archive member included to satisfy reference by file (symbol)

c:/altera/14.1/nios2eds/bin/gnu/h-x86_64-mingw32/bin/../lib/gcc/nios2-elf/4.8.3\libgcc.a(lib2-divmod.o)
                              obj/default/drivers/drivers.o (__divsi3)
c:/altera/14.1/nios2eds/bin/gnu/h-x86_64-mingw32/bin/../lib/gcc/nios2-elf/4.8.3\libgcc.a(fixsfsi.o)
                              obj/default/drivers/drivers.o (__fixsfsi)
c:/altera/14.1/nios2eds/bin/gnu/h-x86_64-mingw32/bin/../lib/gcc/nios2-elf/4.8.3/../../../../../H-x86_64-mingw32/nios2-elf/lib\libc.a(lib_a-malloc.o)
                              obj/default/graphic_lib/draw_gimps.o (malloc)
c:/altera/14.1/nios2eds/bin/gnu/h-x86_64-mingw32/bin/../lib/gcc/nios2-elf/4.8.3/../../../../../H-x86_64-mingw32/nios2-elf/lib\libc.a(lib_a-mallocr.o)
                              c:/altera/14.1/nios2eds/bin/gnu/h-x86_64-mingw32/bin/../lib/gcc/nios2-elf/4.8.3/../../../../../H-x86_64-mingw32/nios2-elf/lib\libc.a(lib_a-malloc.o) (_malloc_r)
c:/altera/14.1/nios2eds/bin/gnu/h-x86_64-mingw32/bin/../lib/gcc/nios2-elf/4.8.3/../../../../../H-x86_64-mingw32/nios2-elf/lib\libc.a(lib_a-memcpy.o)
                              obj/default/graphic_lib/draw_gimps.o (memcpy)
c:/altera/14.1/nios2eds/bin/gnu/h-x86_64-mingw32/bin/../lib/gcc/nios2-elf/4.8.3/../../../../../H-x86_64-mingw32/nios2-elf/lib\libc.a(lib_a-memset.o)
                              obj/default/vip_fr.o (memset)
c:/altera/14.1/nios2eds/bin/gnu/h-x86_64-mingw32/bin/../lib/gcc/nios2-elf/4.8.3/../../../../../H-x86_64-mingw32/nios2-elf/lib\libc.a(lib_a-printf.o)
                              obj/default/graphic_lib/draw_gimps.o (printf)
c:/altera/14.1/nios2eds/bin/gnu/h-x86_64-mingw32/bin/../lib/gcc/nios2-elf/4.8.3/../../../../../H-x86_64-mingw32/nios2-elf/lib\libc.a(lib_a-sbrkr.o)
                              c:/altera/14.1/nios2eds/bin/gnu/h-x86_64-mingw32/bin/../lib/gcc/nios2-elf/4.8.3/../../../../../H-x86_64-mingw32/nios2-elf/lib\libc.a(lib_a-mallocr.o) (_sbrk_r)
c:/altera/14.1/nios2eds/bin/gnu/h-x86_64-mingw32/bin/../lib/gcc/nios2-elf/4.8.3/../../../../../H-x86_64-mingw32/nios2-elf/lib\libc.a(lib_a-strcpy.o)
                              obj/default/graphic_lib/simple_graphics.o (strcpy)
c:/altera/14.1/nios2eds/bin/gnu/h-x86_64-mingw32/bin/../lib/gcc/nios2-elf/4.8.3/../../../../../H-x86_64-mingw32/nios2-elf/lib\libc.a(lib_a-strlen.o)
                              obj/default/graphic_lib/simple_graphics.o (strlen)
c:/altera/14.1/nios2eds/bin/gnu/h-x86_64-mingw32/bin/../lib/gcc/nios2-elf/4.8.3/../../../../../H-x86_64-mingw32/nios2-elf/lib\libc.a(lib_a-vfprintf.o)
                              c:/altera/14.1/nios2eds/bin/gnu/h-x86_64-mingw32/bin/../lib/gcc/nios2-elf/4.8.3/../../../../../H-x86_64-mingw32/nios2-elf/lib\libc.a(lib_a-printf.o) (___vfprintf_internal_r)
c:/altera/14.1/nios2eds/bin/gnu/h-x86_64-mingw32/bin/../lib/gcc/nios2-elf/4.8.3/../../../../../H-x86_64-mingw32/nios2-elf/lib\libc.a(lib_a-wsetup.o)
                              c:/altera/14.1/nios2eds/bin/gnu/h-x86_64-mingw32/bin/../lib/gcc/nios2-elf/4.8.3/../../../../../H-x86_64-mingw32/nios2-elf/lib\libc.a(lib_a-vfprintf.o) (__swsetup_r)
c:/altera/14.1/nios2eds/bin/gnu/h-x86_64-mingw32/bin/../lib/gcc/nios2-elf/4.8.3/../../../../../H-x86_64-mingw32/nios2-elf/lib\libc.a(lib_a-dtoa.o)
                              c:/altera/14.1/nios2eds/bin/gnu/h-x86_64-mingw32/bin/../lib/gcc/nios2-elf/4.8.3/../../../../../H-x86_64-mingw32/nios2-elf/lib\libc.a(lib_a-vfprintf.o) (_dtoa_r)
c:/altera/14.1/nios2eds/bin/gnu/h-x86_64-mingw32/bin/../lib/gcc/nios2-elf/4.8.3/../../../../../H-x86_64-mingw32/nios2-elf/lib\libc.a(lib_a-fflush.o)
                              c:/altera/14.1/nios2eds/bin/gnu/h-x86_64-mingw32/bin/../lib/gcc/nios2-elf/4.8.3/../../../../../H-x86_64-mingw32/nios2-elf/lib\libc.a(lib_a-vfprintf.o) (_fflush_r)
c:/altera/14.1/nios2eds/bin/gnu/h-x86_64-mingw32/bin/../lib/gcc/nios2-elf/4.8.3/../../../../../H-x86_64-mingw32/nios2-elf/lib\libc.a(lib_a-findfp.o)
                              c:/altera/14.1/nios2eds/bin/gnu/h-x86_64-mingw32/bin/../lib/gcc/nios2-elf/4.8.3/../../../../../H-x86_64-mingw32/nios2-elf/lib\libc.a(lib_a-vfprintf.o) (__sinit)
c:/altera/14.1/nios2eds/bin/gnu/h-x86_64-mingw32/bin/../lib/gcc/nios2-elf/4.8.3/../../../../../H-x86_64-mingw32/nios2-elf/lib\libc.a(lib_a-freer.o)
                              c:/altera/14.1/nios2eds/bin/gnu/h-x86_64-mingw32/bin/../lib/gcc/nios2-elf/4.8.3/../../../../../H-x86_64-mingw32/nios2-elf/lib\libc.a(lib_a-malloc.o) (_free_r)
c:/altera/14.1/nios2eds/bin/gnu/h-x86_64-mingw32/bin/../lib/gcc/nios2-elf/4.8.3/../../../../../H-x86_64-mingw32/nios2-elf/lib\libc.a(lib_a-fwalk.o)
                              c:/altera/14.1/nios2eds/bin/gnu/h-x86_64-mingw32/bin/../lib/gcc/nios2-elf/4.8.3/../../../../../H-x86_64-mingw32/nios2-elf/lib\libc.a(lib_a-findfp.o) (_fwalk)
[...]
Memory Configuration

Name             Origin             Length             Attributes
reset            0x0000000004000000 0x0000000000000020
sdram_BEFORE_EXCEPTION 0x0000000004000020 0x000000000057e400
sdram            0x000000000457e420 0x0000000003a81be0
*default*        0x0000000000000000 0xffffffffffffffff

Linker script and memory map

LOAD ../lab5_bsp//obj/HAL/src/crt0.o
LOAD obj/default/drivers/drivers.o
LOAD obj/default/fonts/tahomabold_20.o
LOAD obj/default/fonts/tahomabold_32.o
LOAD obj/default/frame.o
LOAD obj/default/graphic_lib/draw_gimps.o
LOAD obj/default/graphic_lib/gimp_bmp.o
LOAD obj/default/graphic_lib/simple_graphics.o
LOAD obj/default/graphic_lib/simple_text.o
LOAD obj/default/hello_ucosii.o
LOAD obj/default/imagenes/back_down.o
LOAD obj/default/imagenes/back_up.o
LOAD obj/default/imagenes/ford_down.o
LOAD obj/default/imagenes/ford_up.o
LOAD obj/default/imagenes/pause_down.o
LOAD obj/default/imagenes/pause_up.o
LOAD obj/default/imagenes/play_down.o
LOAD obj/default/imagenes/play_up.o
LOAD obj/default/imagenes/stop_down.o
LOAD obj/default/imagenes/stop_up.o
LOAD obj/default/song/song.o
LOAD obj/default/student_code/student_code.o
LOAD obj/default/vip_fr.o
LOAD c:/altera/14.1/nios2eds/bin/gnu/h-x86_64-mingw32/bin/../lib/gcc/nios2-elf/4.8.3/../../../../../H-x86_64-mingw32/nios2-elf/lib\libstdc++.a
LOAD c:/altera/14.1/nios2eds/bin/gnu/h-x86_64-mingw32/bin/../lib/gcc/nios2-elf/4.8.3/../../../../../H-x86_64-mingw32/nios2-elf/lib\libm.a
LOAD c:/altera/14.1/nios2eds/bin/gnu/h-x86_64-mingw32/bin/../lib/gcc/nios2-elf/4.8.3\libgcc.a
START GROUP
LOAD c:/altera/14.1/nios2eds/bin/gnu/h-x86_64-mingw32/bin/../lib/gcc/nios2-elf/4.8.3/../../../../../H-x86_64-mingw32/nios2-elf/lib\libc.a
LOAD c:/altera/14.1/nios2eds/bin/gnu/h-x86_64-mingw32/bin/../lib/gcc/nios2-elf/4.8.3\libgcc.a
LOAD ../lab5_bsp/\libucosii_bsp.a
LOAD c:/altera/14.1/nios2eds/bin/gnu/h-x86_64-mingw32/bin/../lib/gcc/nios2-elf/4.8.3/../../../../../H-x86_64-mingw32/nios2-elf/lib\libm.a
END GROUP
LOAD c:/altera/14.1/nios2eds/bin/gnu/h-x86_64-mingw32/bin/../lib/gcc/nios2-elf/4.8.3\libgcc.a
                0x0000000004000000                __alt_mem_sdram = 0x4000000

.entry          0x0000000004000000       0x20
 *(.entry)
 .entry         0x0000000004000000       0x20 ../lab5_bsp//obj/HAL/src/crt0.o
                0x0000000004000000                __reset

.exceptions     0x000000000457e420      0x15c
                0x000000000457e420                PROVIDE (__ram_exceptions_start, ABSOLUTE (.))
                0x000000000457e420                . = ALIGN (0x20)
 *(.irq)
 *(.exceptions.entry.label)
 .exceptions.entry.label
                0x000000000457e420        0x0 ../lab5_bsp/\libucosii_bsp.a(alt_irq_entry.o)
                0x000000000457e420                alt_irq_entry
 .exceptions.entry.label
                0x000000000457e420        0x0 ../lab5_bsp/\libucosii_bsp.a(alt_exception_entry.o)
                0x000000000457e420                alt_exception
 *(.exceptions.entry.user)
 *(.exceptions.entry.ecc_fatal)
 *(.exceptions.entry)
 .exceptions.entry
                0x000000000457e420       0x54 ../lab5_bsp/\libucosii_bsp.a(alt_exception_entry.o)
 *(.exceptions.irqtest.user)
 *(.exceptions.irqtest)
 .exceptions.irqtest
                0x000000000457e474       0x10 ../lab5_bsp/\libucosii_bsp.a(alt_irq_entry.o)
 *(.exceptions.irqhandler.user)
 *(.exceptions.irqhandler)
 .exceptions.irqhandler
                0x000000000457e484        0x4 ../lab5_bsp/\libucosii_bsp.a(alt_irq_entry.o)
 *(.exceptions.irqreturn.user)
 *(.exceptions.irqreturn)
 .exceptions.irqreturn
                0x000000000457e488        0x4 ../lab5_bsp/\libucosii_bsp.a(alt_irq_entry.o)
 *(.exceptions.notirq.label)
 .exceptions.notirq.label
                0x000000000457e48c        0x0 ../lab5_bsp/\libucosii_bsp.a(alt_irq_entry.o)
 *(.exceptions.notirq.user)
 *(.exceptions.notirq)
 .exceptions.notirq
                0x000000000457e48c        0x8 ../lab5_bsp/\libucosii_bsp.a(alt_exception_entry.o)
 *(.exceptions.soft.user)
 *(.exceptions.soft)
 *(.exceptions.unknown.user)
 *(.exceptions.unknown)
 .exceptions.unknown
                0x000000000457e494        0x4 ../lab5_bsp/\libucosii_bsp.a(alt_exception_entry.o)
 *(.exceptions.exit.label)
 .exceptions.exit.label
                0x000000000457e498        0x0 ../lab5_bsp/\libucosii_bsp.a(alt_irq_entry.o)
 .exceptions.exit.label
                0x000000000457e498        0x0 ../lab5_bsp/\libucosii_bsp.a(alt_exception_entry.o)
 *(.exceptions.exit.user)
 *(.exceptions.exit)
 .exceptions.exit
                0x000000000457e498       0x54 ../lab5_bsp/\libucosii_bsp.a(alt_exception_entry.o)
 *(.exceptions)
 .exceptions    0x000000000457e4ec       0x90 ../lab5_bsp/\libucosii_bsp.a(alt_irq_handler.o)
                0x000000000457e4ec                alt_irq_handler
                0x000000000457e57c                PROVIDE (__ram_exceptions_end, ABSOLUTE (.))
                0x000000000457e420                PROVIDE (__flash_exceptions_start, LOADADDR (.exceptions))

.text           0x000000000457e57c    0x1976c
                0x000000000457e57c                PROVIDE (stext, ABSOLUTE (.))
 *(.interp)
 *(.hash)
 *(.dynsym)
 *(.dynstr)
 *(.gnu.version)
 *(.gnu.version_d)
 *(.gnu.version_r)
 *(.rel.init)
 *(.rela.init)
 *(.rel.text .rel.text.* .rel.gnu.linkonce.t.*)
 *(.rela.text .rela.text.* .rela.gnu.linkonce.t.*)
 *(.rel.fini)
 *(.rela.fini)
 *(.rel.rodata .rel.rodata.* .rel.gnu.linkonce.r.*)
 *(.rela.rodata .rela.rodata.* .rela.gnu.linkonce.r.*)
 *(.rel.data .rel.data.* .rel.gnu.linkonce.d.*)
 *(.rela.data .rela.data.* .rela.gnu.linkonce.d.*)
 *(.rel.tdata .rel.tdata.* .rel.gnu.linkonce.td.*)
 *(.rela.tdata .rela.tdata.* .rela.gnu.linkonce.td.*)
 *(.rel.tbss .rel.tbss.* .rel.gnu.linkonce.tb.*)
 *(.rela.tbss .rela.tbss.* .rela.gnu.linkonce.tb.*)
 *(.rel.ctors)
 *(.rela.ctors)
 *(.rel.dtors)
 *(.rela.dtors)
 *(.rel.got)
 *(.rela.got)
 *(.rel.sdata .rel.sdata.* .rel.gnu.linkonce.s.*)
 *(.rela.sdata .rela.sdata.* .rela.gnu.linkonce.s.*)
 *(.rel.sbss .rel.sbss.* .rel.gnu.linkonce.sb.*)
 *(.rela.sbss .rela.sbss.* .rela.gnu.linkonce.sb.*)
 *(.rel.sdata2 .rel.sdata2.* .rel.gnu.linkonce.s2.*)
 *(.rela.sdata2 .rela.sdata2.* .rela.gnu.linkonce.s2.*)
 *(.rel.sbss2 .rel.sbss2.* .rel.gnu.linkonce.sb2.*)
 *(.rela.sbss2 .rela.sbss2.* .rela.gnu.linkonce.sb2.*)
 *(.rel.bss .rel.bss.* .rel.gnu.linkonce.b.*)
 *(.rela.bss .rela.bss.* .rela.gnu.linkonce.b.*)
 *(.rel.plt)
 *(.rela.plt)
 *(.rel.dyn)
 *(.init)
 *(.plt)
 *(.text .stub .text.* .gnu.linkonce.t.*)
 .text          0x000000000457e57c       0x4c ../lab5_bsp//obj/HAL/src/crt0.o
                0x000000000457e57c                _start
 .text          0x000000000457e5c8     0x182c obj/default/drivers/drivers.o
                0x000000000457e5c8                audio_dac_wr_fifo
                0x000000000457e63c                stop_wav
                0x000000000457e660                play_wav
                0x000000000457e67c                pause_wav
                0x000000000457e694                audio_dac_fifo_full
                0x000000000457e6a8                init_audio_hw
                0x000000000457e6e4                set_audio_frequency_audio_controller
                0x000000000457e71c                set_note
                0x000000000457e754                select_modulation
                0x000000000457e768                select_signal
                0x000000000457e77c                audio_selector
                0x000000000457e790                read_keyboard
                0x000000000457e7a0                mouse_pos
                0x000000000457e854                Sleep
                0x000000000457e8a0                Beep
                0x000000000457e8dc                starwars
                0x000000000457ea3c                gloria
                0x000000000457ef20                mario
                0x000000000457f7c0                tetris
 .text          0x000000000457fdf4        0x0 obj/default/fonts/tahomabold_20.o
 .text          0x000000000457fdf4        0x0 obj/default/fonts/tahomabold_32.o
 .text          0x000000000457fdf4      0x120 obj/default/frame.o
                0x000000000457fdf4                ConfigVFR
                0x000000000457feb4                GetFrameBuffer
                0x000000000457fed0                cleanscreen
 .text          0x000000000457ff14      0x55c obj/default/graphic_lib/draw_gimps.o
                0x000000000457ff14                AsVidCopyImageToBuffer
                0x000000000457ffec                AsVidCopyImageToBuffer2
                0x00000000045800e8                AsVidCopyImageToBuffer3
                0x0000000004580208                DispIMAGE
                0x00000000045802b8                DispIMAGE_fit
                0x00000000045803a4                DispIMAGE_from_gimp
 .text          0x0000000004580470      0x508 obj/default/graphic_lib/gimp_bmp.o
                0x0000000004580470                copy_pix_map_32_to_32
                0x00000000045804e0                copy_pix_map_32_to_24
                0x0000000004580560                copy_pix_map_32_to_16
                0x00000000045805e8                copy_pix_map_24_to_32
                0x0000000004580670                copy_pix_map_24_to_24
                0x00000000045806f0                copy_pix_map_24_to_16
                0x0000000004580798                load_gimp_bmp
 .text          0x0000000004580978     0x1ff0 obj/default/graphic_lib/simple_graphics.o
                0x0000000004580978                vid_scroll_string_quit
                0x00000000045809a8                vid_scroll_string_init
                0x0000000004580a94                vid_set_pixel
                0x0000000004580b88                vid_print_char
                0x0000000004580c70                vid_print_string
                0x0000000004580d48                vid_get_pixel
                0x0000000004580da4                vid_move_block
                0x0000000004580ea8                vid_paint_block
                0x0000000004581028                vid_clean_screen
                0x0000000004581058                vid_draw_horiz_line
                0x000000000458128c                vid_merge_colors
                0x00000000045812a8                vid_color_convert24_16
                0x00000000045812dc                vid_color_convert16_24
                0x0000000004581304                vid_copy_line_to_frame_buffer
                0x00000000045814bc                vid_draw_sloped_line
                0x0000000004581648                vid_draw_line
                0x00000000045816c4                vid_draw_box
                0x000000000458183c                vid_scroll_string
                0x0000000004581a6c                vid_round_corner_points
                0x0000000004581ee8                vid_draw_circle
                0x0000000004582000                vid_draw_round_corner_box
                0x00000000045822f0                max3
                0x0000000004582308                min3
                0x0000000004582320                max_diff3
                0x000000000458234c                vid_put_pixel_in_span_map
                0x0000000004582390                vid_bres_scan_edges
                0x00000000045824d8                vid_draw_triangle
                0x00000000045827ac                CopyImage16
                0x000000000458286c                CropImage16
 .text          0x0000000004582968      0xb48 obj/default/graphic_lib/simple_text.o
                0x0000000004582968                seperate_color_channels
                0x00000000045829f8                merge_color_channels
                0x0000000004582a70                read_from_frame
                0x0000000004582bc4                alpha_blending
                0x0000000004582e70                vid_print_char_alpha
                0x0000000004583298                vid_print_string_alpha
                0x0000000004583434                vid_string_pixel_length_alpha
 .text          0x00000000045834b0     0x1a8c obj/default/hello_ucosii.o
                0x00000000045834b0                draw_button
                0x000000000458362c                task2
                0x00000000045847d4                init_background
                0x0000000004584d3c                send_audio_fifo
                0x0000000004584db8                task1
                0x0000000004584e5c                main
 .text          0x0000000004584f3c        0x0 obj/default/imagenes/back_down.o
 .text          0x0000000004584f3c        0x0 obj/default/imagenes/back_up.o
 .text          0x0000000004584f3c        0x0 obj/default/imagenes/ford_down.o
 .text          0x0000000004584f3c        0x0 obj/default/imagenes/ford_up.o
 .text          0x0000000004584f3c        0x0 obj/default/imagenes/pause_down.o
 .text          0x0000000004584f3c        0x0 obj/default/imagenes/pause_up.o
 .text          0x0000000004584f3c        0x0 obj/default/imagenes/play_down.o
 .text          0x0000000004584f3c        0x0 obj/default/imagenes/play_up.o
 .text          0x0000000004584f3c        0x0 obj/default/imagenes/stop_down.o
 .text          0x0000000004584f3c        0x0 obj/default/imagenes/stop_up.o
 .text          0x0000000004584f3c        0x0 obj/default/song/song.o
 .text          0x0000000004584f3c       0xa4 obj/default/student_code/student_code.o
                0x0000000004584f3c                handle_lfsr_interrupts
                0x0000000004584f98                init_lfsr_interrupt
 .text          0x0000000004584fe0      0x2bc obj/default/vip_fr.o
                0x0000000004584fe0                VIPFR_UnInit
                0x0000000004584ffc                VIPFR_Go
                0x000000000458500c                VIPFR_GetDrawFrame
                0x0000000004585024                VIPFR_ActiveDrawFrame
                0x000000000458506c                DRAW_EraseScreen
                0x00000000045850bc                FrameReader_SetFrame0
                0x00000000045850e4                FrameReader_SetFrame1
                0x000000000458510c                VIPFR_SetFrameSize
                0x0000000004585194                VIPFR_Init
                0x0000000004585238                FrameReader_SelectFrame
                0x0000000004585244                FrameReader_Go
                0x0000000004585250                VIPFR_ReserveBackground
 .text          0x000000000458529c      0x114 c:/altera/14.1/nios2eds/bin/gnu/h-x86_64-mingw32/bin/../lib/gcc/nios2-elf/4.8.3\libgcc.a(lib2-divmod.o)
                0x000000000458530c                __divsi3
                0x0000000004585354                __modsi3
                0x00000000045853a0                __udivsi3
                0x00000000045853a8                __umodsi3
 .text          0x00000000045853b0       0x70 c:/altera/14.1/nios2eds/bin/gnu/h-x86_64-mingw32/bin/../lib/gcc/nios2-elf/4.8.3\libgcc.a(fixsfsi.o)
                0x00000000045853b0                __fixsfsi
 .text          0x0000000004585420       0x28 c:/altera/14.1/nios2eds/bin/gnu/h-x86_64-mingw32/bin/../lib/gcc/nios2-elf/4.8.3/../../../../../H-x86_64-mingw32/nios2-elf/lib\libc.a(lib_a-malloc.o)
                0x0000000004585420                malloc
                0x0000000004585434                free
 .text          0x0000000004585448      0x7c4 c:/altera/14.1/nios2eds/bin/gnu/h-x86_64-mingw32/bin/../lib/gcc/nios2-elf/4.8.3/../../../../../H-x86_64-mingw32/nios2-elf/lib\libc.a(lib_a-mallocr.o)
                0x0000000004585448                _malloc_r
 .text          0x0000000004585c0c      0x10c c:/altera/14.1/nios2eds/bin/gnu/h-x86_64-mingw32/bin/../lib/gcc/nios2-elf/4.8.3/../../../../../H-x86_64-mingw32/nios2-elf/lib\libc.a(lib_a-memcpy.o)
                0x0000000004585c0c                memcpy
 .text          0x0000000004585d18      0x114 c:/altera/14.1/nios2eds/bin/gnu/h-x86_64-mingw32/bin/../lib/gcc/nios2-elf/4.8.3/../../../../../H-x86_64-mingw32/nios2-elf/lib\libc.a(lib_a-memset.o)
                0x0000000004585d18                memset
 .text          0x0000000004585e2c       0x68 c:/altera/14.1/nios2eds/bin/gnu/h-x86_64-mingw32/bin/../lib/gcc/nios2-elf/4.8.3/../../../../../H-x86_64-mingw32/nios2-elf/lib\libc.a(lib_a-printf.o)
                0x0000000004585e2c                _printf_r
                0x0000000004585e58                printf
 .text          0x0000000004585e94       0x64 c:/altera/14.1/nios2eds/bin/gnu/h-x86_64-mingw32/bin/../lib/gcc/nios2-elf/4.8.3/../../../../../H-x86_64-mingw32/nios2-elf/lib\libc.a(lib_a-sbrkr.o)
                0x0000000004585e94                _sbrk_r
 .text          0x0000000004585ef8       0x88 c:/altera/14.1/nios2eds/bin/gnu/h-x86_64-mingw32/bin/../lib/gcc/nios2-elf/4.8.3/../../../../../H-x86_64-mingw32/nios2-elf/lib\libc.a(lib_a-strcpy.o)
                0x0000000004585ef8                strcpy
 .text          0x0000000004585f80       0x8c c:/altera/14.1/nios2eds/bin/gnu/h-x86_64-mingw32/bin/../lib/gcc/nios2-elf/4.8.3/../../../../../H-x86_64-mingw32/nios2-elf/lib\libc.a(lib_a-strlen.o)
                0x0000000004585f80                strlen
 .text          0x000000000458600c     0x2000 c:/altera/14.1/nios2eds/bin/gnu/h-x86_64-mingw32/bin/../lib/gcc/nios2-elf/4.8.3/../../../../../H-x86_64-mingw32/nios2-elf/lib\libc.a(lib_a-vfprintf.o)
                0x000000000458600c                ___vfprintf_internal_r
                0x0000000004587fe8                __vfprintf_internal
 .text          0x000000000458800c      0x138 c:/altera/14.1/nios2eds/bin/gnu/h-x86_64-mingw32/bin/../lib/gcc/nios2-elf/4.8.3/../../../../../H-x86_64-mingw32/nios2-elf/lib\libc.a(lib_a-wsetup.o)
                0x000000000458800c                __swsetup_r
 .text          0x0000000004588144     0x1840 c:/altera/14.1/nios2eds/bin/gnu/h-x86_64-mingw32/bin/../lib/gcc/nios2-elf/4.8.3/../../../../../H-x86_64-mingw32/nios2-elf/lib\libc.a(lib_a-dtoa.o)
                0x0000000004588348                _dtoa_r
 .text          0x0000000004589984      0x274 c:/altera/14.1/nios2eds/bin/gnu/h-x86_64-mingw32/bin/../lib/gcc/nios2-elf/4.8.3/../../../../../H-x86_64-mingw32/nios2-elf/lib\libc.a(lib_a-fflush.o)
                0x0000000004589984                _fflush_r
                0x0000000004589bc8                fflush
 .text          0x0000000004589bf8      0x390 c:/altera/14.1/nios2eds/bin/gnu/h-x86_64-mingw32/bin/../lib/gcc/nios2-elf/4.8.3/../../../../../H-x86_64-mingw32/nios2-elf/lib\libc.a(lib_a-findfp.o)
                0x0000000004589c08                _cleanup_r
                0x0000000004589c14                __sfmoreglue
                0x0000000004589c78                _cleanup
                0x0000000004589c90                __sinit
                0x0000000004589e2c                __sfp
                0x0000000004589f48                __sfp_lock_acquire
                0x0000000004589f4c                __sfp_lock_release
                0x0000000004589f50                __sinit_lock_acquire
                0x0000000004589f54                __sinit_lock_release
                0x0000000004589f58                __fp_lock_all
                0x0000000004589f70                __fp_unlock_all
 .text          0x0000000004589f88      0x40c c:/altera/14.1/nios2eds/bin/gnu/h-x86_64-mingw32/bin/../lib/gcc/nios2-elf/4.8.3/../../../../../H-x86_64-mingw32/nios2-elf/lib\libc.a(lib_a-freer.o)
                0x0000000004589f88                _malloc_trim_r
                0x000000000458a0c4                _free_r
 .text          0x000000000458a394      0x160 c:/altera/14.1/nios2eds/bin/gnu/h-x86_64-mingw32/bin/../lib/gcc/nios2-elf/4.8.3/../../../../../H-x86_64-mingw32/nios2-elf/lib\libc.a(lib_a-fwalk.o)
                0x000000000458a394                _fwalk
                0x000000000458a43c                _fwalk_reent
 .text          0x000000000458a4f4        0x0 c:/altera/14.1/nios2eds/bin/gnu/h-x86_64-mingw32/bin/../lib/gcc/nios2-elf/4.8.3/../../../../../H-x86_64-mingw32/nios2-elf/lib\libc.a(lib_a-impure.o)
 .text          0x000000000458a4f4        0x0 c:/altera/14.1/nios2eds/bin/gnu/h-x86_64-mingw32/bin/../lib/gcc/nios2-elf/4.8.3/../../../../../H-x86_64-mingw32/nios2-elf/lib\libc.a(lib_a-int_errno.o)
 .text          0x000000000458a4f4       0xd4 c:/altera/14.1/nios2eds/bin/gnu/h-x86_64-mingw32/bin/../lib/gcc/nios2-elf/4.8.3/../../../../../H-x86_64-mingw32/nios2-elf/lib\libc.a(lib_a-locale.o)
                0x000000000458a4f4                _setlocale_r
                0x000000000458a564                __locale_charset
                0x000000000458a570                __locale_mb_cur_max
                0x000000000458a580                __locale_msgcharset
                0x000000000458a58c                __locale_cjk_lang
                0x000000000458a594                _localeconv_r
                0x000000000458a5a0                setlocale
                0x000000000458a5bc                localeconv
 .text          0x000000000458a5c8      0x1b4 c:/altera/14.1/nios2eds/bin/gnu/h-x86_64-mingw32/bin/../lib/gcc/nios2-elf/4.8.3/../../../../../H-x86_64-mingw32/nios2-elf/lib\libc.a(lib_a-makebuf.o)
                0x000000000458a5c8                __smakebuf_r
 .text          0x000000000458a77c       0xe8 c:/altera/14.1/nios2eds/bin/gnu/h-x86_64-mingw32/bin/../lib/gcc/nios2-elf/4.8.3/../../../../../H-x86_64-mingw32/nios2-elf/lib\libc.a(lib_a-memchr.o)
                0x000000000458a77c                memchr
 .text          0x000000000458a864      0xf78 c:/altera/14.1/nios2eds/bin/gnu/h-x86_64-mingw32/bin/../lib/gcc/nios2-elf/4.8.3/../../../../../H-x86_64-mingw32/nios2-elf/lib\libc.a(lib_a-mprec.o)
                0x000000000458a864                _Balloc
                0x000000000458a90c                _Bfree
                0x000000000458a934                __multadd
                0x000000000458aa48                __s2b
                0x000000000458ab4c                __hi0bits
                0x000000000458abb4                __lo0bits
                0x000000000458ac64                __i2b
                0x000000000458aca0                __multiply
                0x000000000458ae8c                __pow5mult
                0x000000000458afd4                __lshift
                0x000000000458b124                __mcmp
                0x000000000458b184                __mdiff
                0x000000000458b334                __ulp
                0x000000000458b394                __b2d
                0x000000000458b484                __d2b
                0x000000000458b5c8                __ratio
                0x000000000458b668                _mprec_log10
                0x000000000458b6dc                __copybits
                0x000000000458b754                __any_on
 .text          0x000000000458b7dc       0x68 c:/altera/14.1/nios2eds/bin/gnu/h-x86_64-mingw32/bin/../lib/gcc/nios2-elf/4.8.3/../../../../../H-x86_64-mingw32/nios2-elf/lib\libc.a(lib_a-s_fpclassify.o)
                0x000000000458b7dc                __fpclassifyd
 .text          0x000000000458b844      0x13c c:/altera/14.1/nios2eds/bin/gnu/h-x86_64-mingw32/bin/../lib/gcc/nios2-elf/4.8.3/../../../../../H-x86_64-mingw32/nios2-elf/lib\libc.a(lib_a-stdio.o)
                0x000000000458b844                __sread
                0x000000000458b898                __seofread
                0x000000000458b8a0                __swrite
                0x000000000458b91c                __sseek
                0x000000000458b978                __sclose
 .text          0x000000000458b980       0xa4 c:/altera/14.1/nios2eds/bin/gnu/h-x86_64-mingw32/bin/../lib/gcc/nios2-elf/4.8.3/../../../../../H-x86_64-mingw32/nios2-elf/lib\libc.a(lib_a-strcmp.o)
                0x000000000458b980                strcmp
 .text          0x000000000458ba24     0x13a8 c:/altera/14.1/nios2eds/bin/gnu/h-x86_64-mingw32/bin/../lib/gcc/nios2-elf/4.8.3/../../../../../H-x86_64-mingw32/nios2-elf/lib\libc.a(lib_a-vfiprintf.o)
                0x000000000458bb20                __sprint_r
                0x000000000458bb38                ___vfiprintf_internal_r
                0x000000000458cda8                __vfiprintf_internal
 .text          0x000000000458cdcc       0x6c c:/altera/14.1/nios2eds/bin/gnu/h-x86_64-mingw32/bin/../lib/gcc/nios2-elf/4.8.3/../../../../../H-x86_64-mingw32/nios2-elf/lib\libc.a(lib_a-writer.o)
                0x000000000458cdcc                _write_r
 .text          0x000000000458ce38       0x64 c:/altera/14.1/nios2eds/bin/gnu/h-x86_64-mingw32/bin/../lib/gcc/nios2-elf/4.8.3/../../../../../H-x86_64-mingw32/nios2-elf/lib\libc.a(closer.o)
                0x000000000458ce38                _close_r
 .text          0x000000000458ce9c       0xc4 c:/altera/14.1/nios2eds/bin/gnu/h-x86_64-mingw32/bin/../lib/gcc/nios2-elf/4.8.3/../../../../../H-x86_64-mingw32/nios2-elf/lib\libc.a(lib_a-callocr.o)
                0x000000000458ce9c                _calloc_r
 .text          0x000000000458cf60      0x13c c:/altera/14.1/nios2eds/bin/gnu/h-x86_64-mingw32/bin/../lib/gcc/nios2-elf/4.8.3/../../../../../H-x86_64-mingw32/nios2-elf/lib\libc.a(lib_a-fclose.o)
                0x000000000458cf60                _fclose_r
                0x000000000458d088                fclose
 .text          0x000000000458d09c      0x1fc c:/altera/14.1/nios2eds/bin/gnu/h-x86_64-mingw32/bin/../lib/gcc/nios2-elf/4.8.3/../../../../../H-x86_64-mingw32/nios2-elf/lib\libc.a(lib_a-fputwc.o)
                0x000000000458d09c                _fputwc_r
                0x000000000458d220                fputwc
 .text          0x000000000458d298       0x68 c:/altera/14.1/nios2eds/bin/gnu/h-x86_64-mingw32/bin/../lib/gcc/nios2-elf/4.8.3/../../../../../H-x86_64-mingw32/nios2-elf/lib\libc.a(lib_a-fstatr.o)
                0x000000000458d298                _fstat_r
 .text          0x000000000458d300      0x4ac c:/altera/14.1/nios2eds/bin/gnu/h-x86_64-mingw32/bin/../lib/gcc/nios2-elf/4.8.3/../../../../../H-x86_64-mingw32/nios2-elf/lib\libc.a(lib_a-fvwrite.o)
                0x000000000458d300                __sfvwrite_r
 .text          0x000000000458d7ac       0x64 c:/altera/14.1/nios2eds/bin/gnu/h-x86_64-mingw32/bin/../lib/gcc/nios2-elf/4.8.3/../../../../../H-x86_64-mingw32/nios2-elf/lib\libc.a(lib_a-isattyr.o)
                0x000000000458d7ac                _isatty_r
 .text          0x000000000458d810       0x6c c:/altera/14.1/nios2eds/bin/gnu/h-x86_64-mingw32/bin/../lib/gcc/nios2-elf/4.8.3/../../../../../H-x86_64-mingw32/nios2-elf/lib\libc.a(lib_a-lseekr.o)
                0x000000000458d810                _lseek_r
 .text          0x000000000458d87c      0x13c c:/altera/14.1/nios2eds/bin/gnu/h-x86_64-mingw32/bin/../lib/gcc/nios2-elf/4.8.3/../../../../../H-x86_64-mingw32/nios2-elf/lib\libc.a(lib_a-memmove.o)
                0x000000000458d87c                memmove
 .text          0x000000000458d9b8       0x6c c:/altera/14.1/nios2eds/bin/gnu/h-x86_64-mingw32/bin/../lib/gcc/nios2-elf/4.8.3/../../../../../H-x86_64-mingw32/nios2-elf/lib\libc.a(lib_a-readr.o)
                0x000000000458d9b8                _read_r
 .text          0x000000000458da24      0x564 c:/altera/14.1/nios2eds/bin/gnu/h-x86_64-mingw32/bin/../lib/gcc/nios2-elf/4.8.3/../../../../../H-x86_64-mingw32/nios2-elf/lib\libc.a(lib_a-reallocr.o)
                0x000000000458da24                _realloc_r
 .text          0x000000000458df88      0x19c c:/altera/14.1/nios2eds/bin/gnu/h-x86_64-mingw32/bin/../lib/gcc/nios2-elf/4.8.3/../../../../../H-x86_64-mingw32/nios2-elf/lib\libc.a(lib_a-wbuf.o)
                0x000000000458df88                __swbuf_r
                0x000000000458e108                __swbuf
 .text          0x000000000458e124      0x174 c:/altera/14.1/nios2eds/bin/gnu/h-x86_64-mingw32/bin/../lib/gcc/nios2-elf/4.8.3/../../../../../H-x86_64-mingw32/nios2-elf/lib\libc.a(lib_a-wcrtomb.o)
                0x000000000458e124                _wcrtomb_r
                0x000000000458e1c0                wcrtomb
 .text          0x000000000458e298       0x8c c:/altera/14.1/nios2eds/bin/gnu/h-x86_64-mingw32/bin/../lib/gcc/nios2-elf/4.8.3/../../../../../H-x86_64-mingw32/nios2-elf/lib\libc.a(lib_a-wctomb_r.o)
                0x000000000458e298                __ascii_wctomb
                0x000000000458e2c8                _wctomb_r
 .text          0x000000000458e324      0x5c4 c:/altera/14.1/nios2eds/bin/gnu/h-x86_64-mingw32/bin/../lib/gcc/nios2-elf/4.8.3\libgcc.a(_udivdi3.o)
                0x000000000458e324                __udivdi3
 .text          0x000000000458e8e8      0x598 c:/altera/14.1/nios2eds/bin/gnu/h-x86_64-mingw32/bin/../lib/gcc/nios2-elf/4.8.3\libgcc.a(_umoddi3.o)
                0x000000000458e8e8                __umoddi3
 .text          0x000000000458ee80      0x87c c:/altera/14.1/nios2eds/bin/gnu/h-x86_64-mingw32/bin/../lib/gcc/nios2-elf/4.8.3\libgcc.a(adddf3.o)
                0x000000000458ee80                __adddf3
 .text          0x000000000458f6fc      0x8d4 c:/altera/14.1/nios2eds/bin/gnu/h-x86_64-mingw32/bin/../lib/gcc/nios2-elf/4.8.3\libgcc.a(divdf3.o)
                0x000000000458f6fc                __divdf3
 .text          0x000000000458ffd0       0x84 c:/altera/14.1/nios2eds/bin/gnu/h-x86_64-mingw32/bin/../lib/gcc/nios2-elf/4.8.3\libgcc.a(eqdf2.o)
                0x000000000458ffd0                __nedf2
                0x000000000458ffd0                __eqdf2
 .text          0x0000000004590054       0xd8 c:/altera/14.1/nios2eds/bin/gnu/h-x86_64-mingw32/bin/../lib/gcc/nios2-elf/4.8.3\libgcc.a(gedf2.o)
                0x0000000004590054                __gedf2
                0x0000000004590054                __gtdf2
 .text          0x000000000459012c       0xec c:/altera/14.1/nios2eds/bin/gnu/h-x86_64-mingw32/bin/../lib/gcc/nios2-elf/4.8.3\libgcc.a(ledf2.o)
                0x000000000459012c                __ledf2
                0x000000000459012c                __ltdf2
 .text          0x0000000004590218      0x6ec c:/altera/14.1/nios2eds/bin/gnu/h-x86_64-mingw32/bin/../lib/gcc/nios2-elf/4.8.3\libgcc.a(muldf3.o)
                0x0000000004590218                __muldf3
 .text          0x0000000004590904      0x888 c:/altera/14.1/nios2eds/bin/gnu/h-x86_64-mingw32/bin/../lib/gcc/nios2-elf/4.8.3\libgcc.a(subdf3.o)
                0x0000000004590904                __subdf3
 .text          0x000000000459118c       0x80 c:/altera/14.1/nios2eds/bin/gnu/h-x86_64-mingw32/bin/../lib/gcc/nios2-elf/4.8.3\libgcc.a(fixdfsi.o)
                0x000000000459118c                __fixdfsi
 .text          0x000000000459120c       0xd0 c:/altera/14.1/nios2eds/bin/gnu/h-x86_64-mingw32/bin/../lib/gcc/nios2-elf/4.8.3\libgcc.a(floatsidf.o)
                0x000000000459120c                __floatsidf
 .text          0x00000000045912dc       0xa0 c:/altera/14.1/nios2eds/bin/gnu/h-x86_64-mingw32/bin/../lib/gcc/nios2-elf/4.8.3\libgcc.a(floatunsidf.o)
                0x00000000045912dc                __floatunsidf
 .text          0x000000000459137c        0x0 c:/altera/14.1/nios2eds/bin/gnu/h-x86_64-mingw32/bin/../lib/gcc/nios2-elf/4.8.3\libgcc.a(_clz.o)
 .text          0x000000000459137c       0xac c:/altera/14.1/nios2eds/bin/gnu/h-x86_64-mingw32/bin/../lib/gcc/nios2-elf/4.8.3\libgcc.a(_clzsi2.o)
                0x000000000459137c                __clzsi2
 .text          0x0000000004591428       0xcc ../lab5_bsp/\libucosii_bsp.a(alt_close.o)
                0x0000000004591428                close
 .text          0x00000000045914f4       0x18 ../lab5_bsp/\libucosii_bsp.a(alt_dcache_flush_all.o)
                0x00000000045914f4                alt_dcache_flush_all
 .text          0x000000000459150c        0x8 ../lab5_bsp/\libucosii_bsp.a(alt_dev.o)
 .text          0x0000000004591514        0x0 ../lab5_bsp/\libucosii_bsp.a(alt_errno.o)
 .text          0x0000000004591514       0x78 ../lab5_bsp/\libucosii_bsp.a(alt_fstat.o)
                0x0000000004591514                fstat
 .text          0x000000000459158c       0xb8 ../lab5_bsp/\libucosii_bsp.a(alt_iic.o)
                0x000000000459158c                alt_ic_isr_register
                0x00000000045915ac                alt_ic_irq_enable
                0x00000000045915ec                alt_ic_irq_disable
                0x000000000459162c                alt_ic_irq_enabled
 .text          0x0000000004591644       0x6c ../lab5_bsp/\libucosii_bsp.a(alt_iic_isr_register.o)
                0x0000000004591644                alt_iic_isr_register
 .text          0x00000000045916b0        0x0 ../lab5_bsp/\libucosii_bsp.a(alt_irq_entry.o)
 .text          0x00000000045916b0        0x0 ../lab5_bsp/\libucosii_bsp.a(alt_irq_handler.o)
 .text          0x00000000045916b0        0x0 ../lab5_bsp/\libucosii_bsp.a(alt_irq_vars.o)
 .text          0x00000000045916b0       0x7c ../lab5_bsp/\libucosii_bsp.a(alt_isatty.o)
                0x00000000045916b0                isatty
 .text          0x000000000459172c      0x154 ../lab5_bsp/\libucosii_bsp.a(alt_load.o)
                0x000000000459172c                alt_load
 .text          0x0000000004591880       0x8c ../lab5_bsp/\libucosii_bsp.a(alt_lseek.o)
                0x0000000004591880                lseek
 .text          0x000000000459190c       0xa8 ../lab5_bsp/\libucosii_bsp.a(alt_main.o)
                0x000000000459190c                alt_main
 .text          0x00000000045919b4       0xe4 ../lab5_bsp/\libucosii_bsp.a(alt_read.o)
                0x00000000045919b4                read
 .text          0x0000000004591a98       0x24 ../lab5_bsp/\libucosii_bsp.a(alt_release_fd.o)
                0x0000000004591a98                alt_release_fd
 .text          0x0000000004591abc       0x4c ../lab5_bsp/\libucosii_bsp.a(alt_sbrk.o)
                0x0000000004591abc                sbrk
 .text          0x0000000004591b08       0xfc ../lab5_bsp/\libucosii_bsp.a(alt_tick.o)
                0x0000000004591b08                alt_alarm_stop
                0x0000000004591b40                alt_tick
 .text          0x0000000004591c04       0xe0 ../lab5_bsp/\libucosii_bsp.a(alt_write.o)
                0x0000000004591c04                write
 .text          0x0000000004591ce4       0xb8 ../lab5_bsp/\libucosii_bsp.a(alt_env_lock.o)
                0x0000000004591ce4                __env_lock
                0x0000000004591d64                __env_unlock
 .text          0x0000000004591d9c      0x120 ../lab5_bsp/\libucosii_bsp.a(alt_malloc_lock.o)
                0x0000000004591d9c                __malloc_lock
                0x0000000004591e48                __malloc_unlock
 .text          0x0000000004591ebc     0x11e4 ../lab5_bsp/\libucosii_bsp.a(os_core.o)
                0x0000000004591ef8                OS_TaskIdle
                0x0000000004591f2c                OSIntEnter
                0x0000000004591f68                OSIntExit
                0x0000000004592014                OSSchedLock
                0x0000000004592058                OSStart
                0x00000000045920a8                OSStatInit
                0x0000000004592108                OSTimeTick
                0x0000000004592228                OSVersion
                0x0000000004592230                OS_Dummy
                0x0000000004592234                OS_EventTaskWait
                0x00000000045922a4                OS_EventTaskWaitMulti
                0x000000000459232c                OS_EventTaskRemove
                0x0000000004592368                OS_EventTaskRemoveMulti
                0x00000000045923bc                OS_EventTaskRdy
                0x00000000045924ac                OS_EventWaitListInit
                0x00000000045924c0                OS_MemClr
                0x00000000045924ec                OSInit
                0x000000000459270c                OS_MemCopy
                0x0000000004592740                OS_Sched
                0x00000000045927cc                OSEventPendMulti
                0x0000000004592b70                OSSchedUnlock
                0x0000000004592be8                OS_StrCopy
                0x0000000004592c30                OSEventNameGet
                0x0000000004592cec                OS_StrLen
                0x0000000004592d14                OSEventNameSet
                0x0000000004592df0                OS_TaskStatStkChk
                0x0000000004592e84                OS_TaskStat
                0x0000000004592f1c                OS_TCBInit
 .text          0x00000000045930a0        0x4 ../lab5_bsp/\libucosii_bsp.a(os_dbg.o)
                0x00000000045930a0                OSDebugInit
 .text          0x00000000045930a4      0xde0 ../lab5_bsp/\libucosii_bsp.a(os_flag.o)
                0x0000000004593150                OSFlagAccept
                0x00000000045932e4                OSFlagCreate
                0x000000000459337c                OSFlagNameGet
                0x0000000004593440                OSFlagNameSet
                0x0000000004593524                OSFlagPendGetFlagsRdy
                0x000000000459354c                OSFlagQuery
                0x00000000045935a8                OS_FlagInit
                0x000000000459363c                OS_FlagUnlink
                0x0000000004593704                OSFlagDel
                0x000000000459387c                OSFlagPost
                0x0000000004593adc                OSFlagPend
 .text          0x0000000004593e84      0x448 ../lab5_bsp/\libucosii_bsp.a(os_mem.o)
                0x0000000004593e84                OSMemCreate
                0x0000000004593f9c                OSMemGet
                0x0000000004594008                OSMemNameGet
                0x00000000045940ac                OSMemNameSet
                0x0000000004594174                OSMemPut
                0x00000000045941d8                OSMemQuery
                0x0000000004594244                OS_MemInit
 .text          0x00000000045942cc      0xa78 ../lab5_bsp/\libucosii_bsp.a(os_q.o)
                0x00000000045942cc                OSQAccept
                0x000000000459436c                OSQCreate
                0x000000000459447c                OSQDel
                0x0000000004594630                OSQFlush
                0x0000000004594680                OSQPend
                0x0000000004594838                OSQPendAbort
                0x000000000459494c                OSQPost
                0x0000000004594a14                OSQPostFront
                0x0000000004594adc                OSQPostOpt
                0x0000000004594c44                OSQQuery
                0x0000000004594ce4                OS_QInit
 .text          0x0000000004594d44      0x66c ../lab5_bsp/\libucosii_bsp.a(os_sem.o)
                0x0000000004594d44                OSSemAccept
                0x0000000004594d90                OSSemCreate
                0x0000000004594e24                OSSemDel
                0x0000000004594fa8                OSSemPend
                0x0000000004595110                OSSemPendAbort
                0x0000000004595224                OSSemPost
                0x00000000045952c8                OSSemQuery
                0x0000000004595340                OSSemSet
 .text          0x00000000045953b0      0xfac ../lab5_bsp/\libucosii_bsp.a(os_task.o)
                0x00000000045953b0                OSTaskChangePrio
                0x0000000004595668                OSTaskCreate
                0x000000000459578c                OSTaskDel
                0x0000000004595a28                OSTaskDelReq
                0x0000000004595af8                OSTaskNameGet
                0x0000000004595c14                OSTaskNameSet
                0x0000000004595d4c                OSTaskResume
                0x0000000004595e78                OSTaskStkChk
                0x0000000004595f80                OSTaskSuspend
                0x00000000045960e4                OSTaskQuery
                0x00000000045961b0                OS_TaskStkClr
                0x00000000045961d4                OSTaskCreateExt
 .text          0x000000000459635c      0x320 ../lab5_bsp/\libucosii_bsp.a(os_time.o)
                0x000000000459635c                OSTimeDly
                0x00000000045963f8                OSTimeDlyHMSM
                0x000000000459651c                OSTimeDlyResume
                0x0000000004596634                OSTimeGet
                0x0000000004596658                OSTimeSet
 .text          0x000000000459667c       0x7c ../lab5_bsp/\libucosii_bsp.a(alt_sys_init.o)
                0x000000000459667c                alt_irq_init
                0x000000000459669c                alt_sys_init
 .text          0x00000000045966f8       0x98 ../lab5_bsp/\libucosii_bsp.a(altera_avalon_jtag_uart_fd.o)
                0x00000000045966f8                altera_avalon_jtag_uart_read_fd
                0x0000000004596720                altera_avalon_jtag_uart_write_fd
                0x0000000004596748                altera_avalon_jtag_uart_close_fd
                0x0000000004596770                altera_avalon_jtag_uart_ioctl_fd
 .text          0x0000000004596790      0x344 ../lab5_bsp/\libucosii_bsp.a(altera_avalon_jtag_uart_init.o)
                0x00000000045969d0                altera_avalon_jtag_uart_init
                0x0000000004596a98                altera_avalon_jtag_uart_close
 .text          0x0000000004596ad4       0x88 ../lab5_bsp/\libucosii_bsp.a(altera_avalon_jtag_uart_ioctl.o)
                0x0000000004596ad4                altera_avalon_jtag_uart_ioctl
 .text          0x0000000004596b5c      0x1bc ../lab5_bsp/\libucosii_bsp.a(altera_avalon_jtag_uart_read.o)
                0x0000000004596b5c                altera_avalon_jtag_uart_read
 .text          0x0000000004596d18      0x1e4 ../lab5_bsp/\libucosii_bsp.a(altera_avalon_jtag_uart_write.o)
                0x0000000004596d18                altera_avalon_jtag_uart_write
 .text          0x0000000004596efc       0x94 ../lab5_bsp/\libucosii_bsp.a(altera_avalon_timer_sc.o)
                0x0000000004596f38                alt_avalon_timer_sc_init
 .text          0x0000000004596f90       0x94 ../lab5_bsp/\libucosii_bsp.a(alt_alarm_start.o)
                0x0000000004596f90                alt_alarm_start
 .text          0x0000000004597024       0x80 ../lab5_bsp/\libucosii_bsp.a(alt_dev_llist_insert.o)
                0x0000000004597024                alt_dev_llist_insert
 .text          0x00000000045970a4       0x68 ../lab5_bsp/\libucosii_bsp.a(alt_do_ctors.o)
                0x00000000045970a4                _do_ctors
 .text          0x000000000459710c       0x68 ../lab5_bsp/\libucosii_bsp.a(alt_do_dtors.o)
                0x000000000459710c                _do_dtors
 .text          0x0000000004597174        0x0 ../lab5_bsp/\libucosii_bsp.a(alt_exception_entry.o)
 .text          0x0000000004597174       0x20 ../lab5_bsp/\libucosii_bsp.a(alt_icache_flush_all.o)
                0x0000000004597174                alt_icache_flush_all
 .text          0x0000000004597194       0xfc ../lab5_bsp/\libucosii_bsp.a(alt_io_redirect.o)
                0x00000000045971f8                alt_io_redirect
 .text          0x0000000004597290      0x180 ../lab5_bsp/\libucosii_bsp.a(alt_open.o)
                0x0000000004597290                open
 .text          0x0000000004597410        0x8 ../lab5_bsp/\libucosii_bsp.a(altera_nios2_qsys_irq.o)
                0x0000000004597410                altera_nios2_qsys_irq_init
 .text          0x0000000004597418       0xd0 ../lab5_bsp/\libucosii_bsp.a(os_cpu_a.o)
                0x0000000004597418                OSCtxSw
                0x0000000004597418                OSIntCtxSw
                0x00000000045974a4                OSStartHighRdy
                0x00000000045974c4                OSStartTsk
 .text          0x00000000045974e8      0x1ec ../lab5_bsp/\libucosii_bsp.a(os_cpu_c.o)
                0x00000000045974e8                OSTaskStkInit
                0x00000000045976b0                OSTaskCreateHook
                0x00000000045976b4                OSTaskDelHook
                0x00000000045976b8                OSTaskSwHook
                0x00000000045976bc                OSTaskStatHook
                0x00000000045976c0                OSTimeTickHook
                0x00000000045976c4                OSInitHookBegin
                0x00000000045976c8                OSInitHookEnd
                0x00000000045976cc                OSTaskIdleHook
                0x00000000045976d0                OSTCBInitHook
 .text          0x00000000045976d4       0x80 ../lab5_bsp/\libucosii_bsp.a(alt_find_dev.o)
                0x00000000045976d4                alt_find_dev
 .text          0x0000000004597754       0xc8 ../lab5_bsp/\libucosii_bsp.a(alt_find_file.o)
                0x0000000004597754                alt_find_file
 .text          0x000000000459781c       0xcc ../lab5_bsp/\libucosii_bsp.a(alt_get_fd.o)
                0x000000000459781c                alt_get_fd
 .text          0x00000000045978e8       0x58 ../lab5_bsp/\libucosii_bsp.a(alt_icache_flush.o)
                0x00000000045978e8                alt_icache_flush
 .text          0x0000000004597940       0x14 c:/altera/14.1/nios2eds/bin/gnu/h-x86_64-mingw32/bin/../lib/gcc/nios2-elf/4.8.3/../../../../../H-x86_64-mingw32/nios2-elf/lib\libc.a(lib_a-atexit.o)
                0x0000000004597940                atexit
 .text          0x0000000004597954       0x38 c:/altera/14.1/nios2eds/bin/gnu/h-x86_64-mingw32/bin/../lib/gcc/nios2-elf/4.8.3/../../../../../H-x86_64-mingw32/nios2-elf/lib\libc.a(lib_a-exit.o)
                0x0000000004597954                exit
 .text          0x000000000459798c       0x7c c:/altera/14.1/nios2eds/bin/gnu/h-x86_64-mingw32/bin/../lib/gcc/nios2-elf/4.8.3/../../../../../H-x86_64-mingw32/nios2-elf/lib\libc.a(lib_a-memcmp.o)
                0x000000000459798c                memcmp
 .text          0x0000000004597a08      0x11c c:/altera/14.1/nios2eds/bin/gnu/h-x86_64-mingw32/bin/../lib/gcc/nios2-elf/4.8.3/../../../../../H-x86_64-mingw32/nios2-elf/lib\libc.a(lib_a-__atexit.o)
                0x0000000004597a08                __register_exitproc
 .text          0x0000000004597b24      0x1a4 c:/altera/14.1/nios2eds/bin/gnu/h-x86_64-mingw32/bin/../lib/gcc/nios2-elf/4.8.3/../../../../../H-x86_64-mingw32/nios2-elf/lib\libc.a(lib_a-__call_atexit.o)
                0x0000000004597b24                __call_exitprocs
 .text          0x0000000004597cc8       0x20 ../lab5_bsp/\libucosii_bsp.a(alt_exit.o)
                0x0000000004597cc8                _exit
 *(.gnu.warning.*)
 *(.fini)
                0x0000000004597ce8                PROVIDE (__etext, ABSOLUTE (.))
                0x0000000004597ce8                PROVIDE (_etext, ABSOLUTE (.))
                0x0000000004597ce8                PROVIDE (etext, ABSOLUTE (.))
 *(.eh_frame_hdr)
                0x0000000004597ce8                . = ALIGN (0x4)
                0x0000000004597ce8                PROVIDE (__preinit_array_start, ABSOLUTE (.))
 *(.preinit_array)
                0x0000000004597ce8                PROVIDE (__preinit_array_end, ABSOLUTE (.))
                0x0000000004597ce8                PROVIDE (__init_array_start, ABSOLUTE (.))
 *(.init_array)
                0x0000000004597ce8                PROVIDE (__init_array_end, ABSOLUTE (.))
                0x0000000004597ce8                PROVIDE (__fini_array_start, ABSOLUTE (.))
 *(.fini_array)
                0x0000000004597ce8                PROVIDE (__fini_array_end, ABSOLUTE (.))
 *(.eh_frame)
 *(.gcc_except_table .gcc_except_table.*)
 *(.dynamic)
                0x0000000004597ce8                PROVIDE (__CTOR_LIST__, ABSOLUTE (.))
 *(.ctors)
 *(SORT(.ctors.*))
                0x0000000004597ce8                PROVIDE (__CTOR_END__, ABSOLUTE (.))
                0x0000000004597ce8                PROVIDE (__DTOR_LIST__, ABSOLUTE (.))
 *(.dtors)
 *(SORT(.dtors.*))
                0x0000000004597ce8                PROVIDE (__DTOR_END__, ABSOLUTE (.))
 *(.jcr)
                0x0000000004597ce8                . = ALIGN (0x4)

.rodata         0x0000000004597ce8   0x1973c0
                0x0000000004597ce8                PROVIDE (__ram_rodata_start, ABSOLUTE (.))
                0x0000000004597ce8                . = ALIGN (0x4)
 *(.rodata .rodata.* .gnu.linkonce.r.*)
 .rodata        0x0000000004597ce8     0x77f2 obj/default/fonts/tahomabold_20.o
 .rodata        0x000000000459f4da    0x12520 obj/default/fonts/tahomabold_32.o
 *fill*         0x00000000045b19fa        0x2 
 .rodata.str1.4
                0x00000000045b19fc        0xe obj/default/graphic_lib/draw_gimps.o
                                         0x10 (size before relaxing)
 *fill*         0x00000000045b1a0a        0x2 
 .rodata.str1.4
                0x00000000045b1a0c       0x37 obj/default/hello_ucosii.o
                                         0x38 (size before relaxing)
 *fill*         0x00000000045b1a43        0x1 
 .rodata        0x00000000045b1a44     0x28cc obj/default/imagenes/back_down.o
                0x00000000045b1a44                back_down
 .rodata        0x00000000045b4310     0x28cc obj/default/imagenes/back_up.o
                0x00000000045b4310                back_up
 .rodata        0x00000000045b6bdc     0x28cc obj/default/imagenes/ford_down.o
                0x00000000045b6bdc                ford_down
 .rodata        0x00000000045b94a8     0x28cc obj/default/imagenes/ford_up.o
                0x00000000045b94a8                ford_up
 .rodata        0x00000000045bbd74     0x8dd0 obj/default/imagenes/pause_down.o
                0x00000000045bbd74                pause_down
 .rodata        0x00000000045c4b44     0x8dd0 obj/default/imagenes/pause_up.o
                0x00000000045c4b44                pause_up
 .rodata        0x00000000045cd914     0x7820 obj/default/imagenes/play_down.o
                0x00000000045cd914                play_down
 .rodata        0x00000000045d5134     0x7820 obj/default/imagenes/play_up.o
                0x00000000045d5134                play_up
 .rodata        0x00000000045dc954     0x7f88 obj/default/imagenes/stop_down.o
                0x00000000045dc954                stop_down
 .rodata        0x00000000045e48dc     0x7f88 obj/default/imagenes/stop_up.o
                0x00000000045e48dc                stop_up
 .rodata        0x00000000045ec864   0x142440 obj/default/song/song.o
                0x00000000045ec864                song
 .rodata.str1.4
                0x000000000472eca4       0x42 c:/altera/14.1/nios2eds/bin/gnu/h-x86_64-mingw32/bin/../lib/gcc/nios2-elf/4.8.3/../../../../../H-x86_64-mingw32/nios2-elf/lib\libc.a(lib_a-vfprintf.o)
                                         0x44 (size before relaxing)
 .rodata        0x000000000472ece6       0x20 c:/altera/14.1/nios2eds/bin/gnu/h-x86_64-mingw32/bin/../lib/gcc/nios2-elf/4.8.3/../../../../../H-x86_64-mingw32/nios2-elf/lib\libc.a(lib_a-vfprintf.o)
 *fill*         0x000000000472ed06        0x2 
 .rodata.str1.4
                0x000000000472ed08       0x10 c:/altera/14.1/nios2eds/bin/gnu/h-x86_64-mingw32/bin/../lib/gcc/nios2-elf/4.8.3/../../../../../H-x86_64-mingw32/nios2-elf/lib\libc.a(lib_a-dtoa.o)
                                         0x14 (size before relaxing)
 .rodata.str1.4
                0x000000000472ed18        0x2 c:/altera/14.1/nios2eds/bin/gnu/h-x86_64-mingw32/bin/../lib/gcc/nios2-elf/4.8.3/../../../../../H-x86_64-mingw32/nios2-elf/lib\libc.a(lib_a-impure.o)
                                          0x4 (size before relaxing)
 *fill*         0x000000000472ed1a        0x2 
 .rodata.str1.4
                0x000000000472ed1c        0xa c:/altera/14.1/nios2eds/bin/gnu/h-x86_64-mingw32/bin/../lib/gcc/nios2-elf/4.8.3/../../../../../H-x86_64-mingw32/nios2-elf/lib\libc.a(lib_a-locale.o)
                                         0x14 (size before relaxing)
 *fill*         0x000000000472ed26        0x2 
 .rodata        0x000000000472ed28      0x124 c:/altera/14.1/nios2eds/bin/gnu/h-x86_64-mingw32/bin/../lib/gcc/nios2-elf/4.8.3/../../../../../H-x86_64-mingw32/nios2-elf/lib\libc.a(lib_a-mprec.o)
                0x000000000472ed34                __mprec_tinytens
                0x000000000472ed5c                __mprec_bigtens
                0x000000000472ed84                __mprec_tens
 .rodata.str1.4
                0x0000000000000000       0x30 c:/altera/14.1/nios2eds/bin/gnu/h-x86_64-mingw32/bin/../lib/gcc/nios2-elf/4.8.3/../../../../../H-x86_64-mingw32/nios2-elf/lib\libc.a(lib_a-vfiprintf.o)
 .rodata        0x000000000472ee4c       0x20 c:/altera/14.1/nios2eds/bin/gnu/h-x86_64-mingw32/bin/../lib/gcc/nios2-elf/4.8.3/../../../../../H-x86_64-mingw32/nios2-elf/lib\libc.a(lib_a-vfiprintf.o)
 .rodata        0x000000000472ee6c      0x100 c:/altera/14.1/nios2eds/bin/gnu/h-x86_64-mingw32/bin/../lib/gcc/nios2-elf/4.8.3\libgcc.a(_clz.o)
                0x000000000472ee6c                __clz_tab
 .rodata.str1.4
                0x000000000472ef6c        0xa ../lab5_bsp/\libucosii_bsp.a(alt_dev.o)
                                          0xc (size before relaxing)
 *fill*         0x000000000472ef76        0x2 
 .rodata.str1.4
                0x000000000472ef78        0xf ../lab5_bsp/\libucosii_bsp.a(alt_main.o)
                                         0x10 (size before relaxing)
 *fill*         0x000000000472ef87        0x1 
 .rodata.str1.4
                0x000000000472ef88       0x20 ../lab5_bsp/\libucosii_bsp.a(os_core.o)
 .rodata        0x000000000472efa8      0x100 ../lab5_bsp/\libucosii_bsp.a(os_core.o)
                0x000000000472efa8                OSUnMapTbl
 .rodata.str1.4
                0x0000000000000000       0x10 ../lab5_bsp/\libucosii_bsp.a(alt_sys_init.o)
 .rodata.str1.4
                0x0000000000000000        0x4 ../lab5_bsp/\libucosii_bsp.a(os_cpu_c.o)
 *(.rodata1)
                0x000000000472f0a8                . = ALIGN (0x4)
                0x000000000472f0a8                PROVIDE (__ram_rodata_end, ABSOLUTE (.))
                0x0000000004597ce8                PROVIDE (__flash_rodata_start, LOADADDR (.rodata))

.rwdata         0x000000000472f0a8     0x3718 load address 0x00000000047327c0
                0x000000000472f0a8                PROVIDE (__ram_rwdata_start, ABSOLUTE (.))
                0x000000000472f0a8                . = ALIGN (0x4)
 *(.got.plt)
 *(.got)
 *(.data1)
 *(.data .data.* .gnu.linkonce.d.*)
 .data          0x000000000472f0a8        0x0 ../lab5_bsp//obj/HAL/src/crt0.o
 .data          0x000000000472f0a8        0x0 obj/default/drivers/drivers.o
 .data          0x000000000472f0a8      0xbc0 obj/default/fonts/tahomabold_20.o
                0x000000000472f0a8                tahomabold_20
 .data          0x000000000472fc68      0xbc0 obj/default/fonts/tahomabold_32.o
                0x000000000472fc68                tahomabold_32
 .data          0x0000000004730828        0x0 obj/default/frame.o
 .data          0x0000000004730828        0x0 obj/default/graphic_lib/draw_gimps.o
 .data          0x0000000004730828        0x0 obj/default/graphic_lib/gimp_bmp.o
 .data          0x0000000004730828      0x415 obj/default/graphic_lib/simple_graphics.o
                0x0000000004730828                cour10_font_array
 .data          0x0000000004730c3d        0x0 obj/default/graphic_lib/simple_text.o
 .data          0x0000000004730c3d        0x0 obj/default/hello_ucosii.o
 .data          0x0000000004730c3d        0x0 obj/default/imagenes/back_down.o
 .data          0x0000000004730c3d        0x0 obj/default/imagenes/back_up.o
 .data          0x0000000004730c3d        0x0 obj/default/imagenes/ford_down.o
 .data          0x0000000004730c3d        0x0 obj/default/imagenes/ford_up.o
 .data          0x0000000004730c3d        0x0 obj/default/imagenes/pause_down.o
 .data          0x0000000004730c3d        0x0 obj/default/imagenes/pause_up.o
 .data          0x0000000004730c3d        0x0 obj/default/imagenes/play_down.o
 .data          0x0000000004730c3d        0x0 obj/default/imagenes/play_up.o
 .data          0x0000000004730c3d        0x0 obj/default/imagenes/stop_down.o
 .data          0x0000000004730c3d        0x0 obj/default/imagenes/stop_up.o
 .data          0x0000000004730c3d        0x0 obj/default/song/song.o
 .data          0x0000000004730c3d        0x0 obj/default/student_code/student_code.o
 .data          0x0000000004730c3d        0x0 obj/default/vip_fr.o
 .data          0x0000000004730c3d        0x0 c:/altera/14.1/nios2eds/bin/gnu/h-x86_64-mingw32/bin/../lib/gcc/nios2-elf/4.8.3\libgcc.a(lib2-divmod.o)
 .data          0x0000000004730c3d        0x0 c:/altera/14.1/nios2eds/bin/gnu/h-x86_64-mingw32/bin/../lib/gcc/nios2-elf/4.8.3\libgcc.a(fixsfsi.o)
 .data          0x0000000004730c3d        0x0 c:/altera/14.1/nios2eds/bin/gnu/h-x86_64-mingw32/bin/../lib/gcc/nios2-elf/4.8.3/../../../../../H-x86_64-mingw32/nios2-elf/lib\libc.a(lib_a-malloc.o)
 *fill*         0x0000000004730c3d        0x3 
 .data          0x0000000004730c40      0x408 c:/altera/14.1/nios2eds/bin/gnu/h-x86_64-mingw32/bin/../lib/gcc/nios2-elf/4.8.3/../../../../../H-x86_64-mingw32/nios2-elf/lib\libc.a(lib_a-mallocr.o)
                0x0000000004730c40                __malloc_av_
 .data          0x0000000004731048        0x0 c:/altera/14.1/nios2eds/bin/gnu/h-x86_64-mingw32/bin/../lib/gcc/nios2-elf/4.8.3/../../../../../H-x86_64-mingw32/nios2-elf/lib\libc.a(lib_a-memcpy.o)
 .data          0x0000000004731048        0x0 c:/altera/14.1/nios2eds/bin/gnu/h-x86_64-mingw32/bin/../lib/gcc/nios2-elf/4.8.3/../../../../../H-x86_64-mingw32/nios2-elf/lib\libc.a(lib_a-memset.o)
 .data          0x0000000004731048        0x0 c:/altera/14.1/nios2eds/bin/gnu/h-x86_64-mingw32/bin/../lib/gcc/nios2-elf/4.8.3/../../../../../H-x86_64-mingw32/nios2-elf/lib\libc.a(lib_a-printf.o)
 .data          0x0000000004731048        0x0 c:/altera/14.1/nios2eds/bin/gnu/h-x86_64-mingw32/bin/../lib/gcc/nios2-elf/4.8.3/../../../../../H-x86_64-mingw32/nios2-elf/lib\libc.a(lib_a-sbrkr.o)
 .data          0x0000000004731048        0x0 c:/altera/14.1/nios2eds/bin/gnu/h-x86_64-mingw32/bin/../lib/gcc/nios2-elf/4.8.3/../../../../../H-x86_64-mingw32/nios2-elf/lib\libc.a(lib_a-strcpy.o)
 .data          0x0000000004731048        0x0 c:/altera/14.1/nios2eds/bin/gnu/h-x86_64-mingw32/bin/../lib/gcc/nios2-elf/4.8.3/../../../../../H-x86_64-mingw32/nios2-elf/lib\libc.a(lib_a-strlen.o)
 .data          0x0000000004731048        0x0 c:/altera/14.1/nios2eds/bin/gnu/h-x86_64-mingw32/bin/../lib/gcc/nios2-elf/4.8.3/../../../../../H-x86_64-mingw32/nios2-elf/lib\libc.a(lib_a-vfprintf.o)
 .data          0x0000000004731048        0x0 c:/altera/14.1/nios2eds/bin/gnu/h-x86_64-mingw32/bin/../lib/gcc/nios2-elf/4.8.3/../../../../../H-x86_64-mingw32/nios2-elf/lib\libc.a(lib_a-wsetup.o)
 .data          0x0000000004731048        0x0 c:/altera/14.1/nios2eds/bin/gnu/h-x86_64-mingw32/bin/../lib/gcc/nios2-elf/4.8.3/../../../../../H-x86_64-mingw32/nios2-elf/lib\libc.a(lib_a-dtoa.o)
 .data          0x0000000004731048        0x0 c:/altera/14.1/nios2eds/bin/gnu/h-x86_64-mingw32/bin/../lib/gcc/nios2-elf/4.8.3/../../../../../H-x86_64-mingw32/nios2-elf/lib\libc.a(lib_a-fflush.o)
 .data          0x0000000004731048        0x0 c:/altera/14.1/nios2eds/bin/gnu/h-x86_64-mingw32/bin/../lib/gcc/nios2-elf/4.8.3/../../../../../H-x86_64-mingw32/nios2-elf/lib\libc.a(lib_a-findfp.o)
 .data          0x0000000004731048        0x0 c:/altera/14.1/nios2eds/bin/gnu/h-x86_64-mingw32/bin/../lib/gcc/nios2-elf/4.8.3/../../../../../H-x86_64-mingw32/nios2-elf/lib\libc.a(lib_a-freer.o)
 .data          0x0000000004731048        0x0 c:/altera/14.1/nios2eds/bin/gnu/h-x86_64-mingw32/bin/../lib/gcc/nios2-elf/4.8.3/../../../../../H-x86_64-mingw32/nios2-elf/lib\libc.a(lib_a-fwalk.o)
 .data          0x0000000004731048      0x424 c:/altera/14.1/nios2eds/bin/gnu/h-x86_64-mingw32/bin/../lib/gcc/nios2-elf/4.8.3/../../../../../H-x86_64-mingw32/nios2-elf/lib\libc.a(lib_a-impure.o)
 .data          0x000000000473146c        0x0 c:/altera/14.1/nios2eds/bin/gnu/h-x86_64-mingw32/bin/../lib/gcc/nios2-elf/4.8.3/../../../../../H-x86_64-mingw32/nios2-elf/lib\libc.a(lib_a-int_errno.o)
 .data          0x000000000473146c       0x78 c:/altera/14.1/nios2eds/bin/gnu/h-x86_64-mingw32/bin/../lib/gcc/nios2-elf/4.8.3/../../../../../H-x86_64-mingw32/nios2-elf/lib\libc.a(lib_a-locale.o)
 .data          0x00000000047314e4        0x0 c:/altera/14.1/nios2eds/bin/gnu/h-x86_64-mingw32/bin/../lib/gcc/nios2-elf/4.8.3/../../../../../H-x86_64-mingw32/nios2-elf/lib\libc.a(lib_a-makebuf.o)
 .data          0x00000000047314e4        0x0 c:/altera/14.1/nios2eds/bin/gnu/h-x86_64-mingw32/bin/../lib/gcc/nios2-elf/4.8.3/../../../../../H-x86_64-mingw32/nios2-elf/lib\libc.a(lib_a-memchr.o)
 .data          0x00000000047314e4        0x0 c:/altera/14.1/nios2eds/bin/gnu/h-x86_64-mingw32/bin/../lib/gcc/nios2-elf/4.8.3/../../../../../H-x86_64-mingw32/nios2-elf/lib\libc.a(lib_a-mprec.o)
 .data          0x00000000047314e4        0x0 c:/altera/14.1/nios2eds/bin/gnu/h-x86_64-mingw32/bin/../lib/gcc/nios2-elf/4.8.3/../../../../../H-x86_64-mingw32/nios2-elf/lib\libc.a(lib_a-s_fpclassify.o)
 .data          0x00000000047314e4        0x0 c:/altera/14.1/nios2eds/bin/gnu/h-x86_64-mingw32/bin/../lib/gcc/nios2-elf/4.8.3/../../../../../H-x86_64-mingw32/nios2-elf/lib\libc.a(lib_a-stdio.o)
 .data          0x00000000047314e4        0x0 c:/altera/14.1/nios2eds/bin/gnu/h-x86_64-mingw32/bin/../lib/gcc/nios2-elf/4.8.3/../../../../../H-x86_64-mingw32/nios2-elf/lib\libc.a(lib_a-strcmp.o)
 .data          0x00000000047314e4        0x0 c:/altera/14.1/nios2eds/bin/gnu/h-x86_64-mingw32/bin/../lib/gcc/nios2-elf/4.8.3/../../../../../H-x86_64-mingw32/nios2-elf/lib\libc.a(lib_a-vfiprintf.o)
 .data          0x00000000047314e4        0x0 c:/altera/14.1/nios2eds/bin/gnu/h-x86_64-mingw32/bin/../lib/gcc/nios2-elf/4.8.3/../../../../../H-x86_64-mingw32/nios2-elf/lib\libc.a(lib_a-writer.o)
 .data          0x00000000047314e4        0x0 c:/altera/14.1/nios2eds/bin/gnu/h-x86_64-mingw32/bin/../lib/gcc/nios2-elf/4.8.3/../../../../../H-x86_64-mingw32/nios2-elf/lib\libc.a(closer.o)
 .data          0x00000000047314e4        0x0 c:/altera/14.1/nios2eds/bin/gnu/h-x86_64-mingw32/bin/../lib/gcc/nios2-elf/4.8.3/../../../../../H-x86_64-mingw32/nios2-elf/lib\libc.a(lib_a-callocr.o)
 .data          0x00000000047314e4        0x0 c:/altera/14.1/nios2eds/bin/gnu/h-x86_64-mingw32/bin/../lib/gcc/nios2-elf/4.8.3/../../../../../H-x86_64-mingw32/nios2-elf/lib\libc.a(lib_a-fclose.o)
 .data          0x00000000047314e4        0x0 c:/altera/14.1/nios2eds/bin/gnu/h-x86_64-mingw32/bin/../lib/gcc/nios2-elf/4.8.3/../../../../../H-x86_64-mingw32/nios2-elf/lib\libc.a(lib_a-fputwc.o)
 .data          0x00000000047314e4        0x0 c:/altera/14.1/nios2eds/bin/gnu/h-x86_64-mingw32/bin/../lib/gcc/nios2-elf/4.8.3/../../../../../H-x86_64-mingw32/nios2-elf/lib\libc.a(lib_a-fstatr.o)
 .data          0x00000000047314e4        0x0 c:/altera/14.1/nios2eds/bin/gnu/h-x86_64-mingw32/bin/../lib/gcc/nios2-elf/4.8.3/../../../../../H-x86_64-mingw32/nios2-elf/lib\libc.a(lib_a-fvwrite.o)
 .data          0x00000000047314e4        0x0 c:/altera/14.1/nios2eds/bin/gnu/h-x86_64-mingw32/bin/../lib/gcc/nios2-elf/4.8.3/../../../../../H-x86_64-mingw32/nios2-elf/lib\libc.a(lib_a-isattyr.o)
 .data          0x00000000047314e4        0x0 c:/altera/14.1/nios2eds/bin/gnu/h-x86_64-mingw32/bin/../lib/gcc/nios2-elf/4.8.3/../../../../../H-x86_64-mingw32/nios2-elf/lib\libc.a(lib_a-lseekr.o)
 .data          0x00000000047314e4        0x0 c:/altera/14.1/nios2eds/bin/gnu/h-x86_64-mingw32/bin/../lib/gcc/nios2-elf/4.8.3/../../../../../H-x86_64-mingw32/nios2-elf/lib\libc.a(lib_a-memmove.o)
 .data          0x00000000047314e4        0x0 c:/altera/14.1/nios2eds/bin/gnu/h-x86_64-mingw32/bin/../lib/gcc/nios2-elf/4.8.3/../../../../../H-x86_64-mingw32/nios2-elf/lib\libc.a(lib_a-readr.o)
 .data          0x00000000047314e4        0x0 c:/altera/14.1/nios2eds/bin/gnu/h-x86_64-mingw32/bin/../lib/gcc/nios2-elf/4.8.3/../../../../../H-x86_64-mingw32/nios2-elf/lib\libc.a(lib_a-reallocr.o)
 .data          0x00000000047314e4        0x0 c:/altera/14.1/nios2eds/bin/gnu/h-x86_64-mingw32/bin/../lib/gcc/nios2-elf/4.8.3/../../../../../H-x86_64-mingw32/nios2-elf/lib\libc.a(lib_a-wbuf.o)
 .data          0x00000000047314e4        0x0 c:/altera/14.1/nios2eds/bin/gnu/h-x86_64-mingw32/bin/../lib/gcc/nios2-elf/4.8.3/../../../../../H-x86_64-mingw32/nios2-elf/lib\libc.a(lib_a-wcrtomb.o)
 .data          0x00000000047314e4        0x0 c:/altera/14.1/nios2eds/bin/gnu/h-x86_64-mingw32/bin/../lib/gcc/nios2-elf/4.8.3/../../../../../H-x86_64-mingw32/nios2-elf/lib\libc.a(lib_a-wctomb_r.o)
 .data          0x00000000047314e4        0x0 c:/altera/14.1/nios2eds/bin/gnu/h-x86_64-mingw32/bin/../lib/gcc/nios2-elf/4.8.3\libgcc.a(_udivdi3.o)
 .data          0x00000000047314e4        0x0 c:/altera/14.1/nios2eds/bin/gnu/h-x86_64-mingw32/bin/../lib/gcc/nios2-elf/4.8.3\libgcc.a(_umoddi3.o)
 .data          0x00000000047314e4        0x0 c:/altera/14.1/nios2eds/bin/gnu/h-x86_64-mingw32/bin/../lib/gcc/nios2-elf/4.8.3\libgcc.a(adddf3.o)
 .data          0x00000000047314e4        0x0 c:/altera/14.1/nios2eds/bin/gnu/h-x86_64-mingw32/bin/../lib/gcc/nios2-elf/4.8.3\libgcc.a(divdf3.o)
 .data          0x00000000047314e4        0x0 c:/altera/14.1/nios2eds/bin/gnu/h-x86_64-mingw32/bin/../lib/gcc/nios2-elf/4.8.3\libgcc.a(eqdf2.o)
 .data          0x00000000047314e4        0x0 c:/altera/14.1/nios2eds/bin/gnu/h-x86_64-mingw32/bin/../lib/gcc/nios2-elf/4.8.3\libgcc.a(gedf2.o)
 .data          0x00000000047314e4        0x0 c:/altera/14.1/nios2eds/bin/gnu/h-x86_64-mingw32/bin/../lib/gcc/nios2-elf/4.8.3\libgcc.a(ledf2.o)
 .data          0x00000000047314e4        0x0 c:/altera/14.1/nios2eds/bin/gnu/h-x86_64-mingw32/bin/../lib/gcc/nios2-elf/4.8.3\libgcc.a(muldf3.o)
 .data          0x00000000047314e4        0x0 c:/altera/14.1/nios2eds/bin/gnu/h-x86_64-mingw32/bin/../lib/gcc/nios2-elf/4.8.3\libgcc.a(subdf3.o)
 .data          0x00000000047314e4        0x0 c:/altera/14.1/nios2eds/bin/gnu/h-x86_64-mingw32/bin/../lib/gcc/nios2-elf/4.8.3\libgcc.a(fixdfsi.o)
 .data          0x00000000047314e4        0x0 c:/altera/14.1/nios2eds/bin/gnu/h-x86_64-mingw32/bin/../lib/gcc/nios2-elf/4.8.3\libgcc.a(floatsidf.o)
 .data          0x00000000047314e4        0x0 c:/altera/14.1/nios2eds/bin/gnu/h-x86_64-mingw32/bin/../lib/gcc/nios2-elf/4.8.3\libgcc.a(floatunsidf.o)
 .data          0x00000000047314e4        0x0 c:/altera/14.1/nios2eds/bin/gnu/h-x86_64-mingw32/bin/../lib/gcc/nios2-elf/4.8.3\libgcc.a(_clz.o)
 .data          0x00000000047314e4        0x0 c:/altera/14.1/nios2eds/bin/gnu/h-x86_64-mingw32/bin/../lib/gcc/nios2-elf/4.8.3\libgcc.a(_clzsi2.o)
 .data          0x00000000047314e4        0x0 ../lab5_bsp/\libucosii_bsp.a(alt_close.o)
 .data          0x00000000047314e4        0x0 ../lab5_bsp/\libucosii_bsp.a(alt_dcache_flush_all.o)
 .data          0x00000000047314e4      0x1a8 ../lab5_bsp/\libucosii_bsp.a(alt_dev.o)
                0x00000000047314e4                alt_fd_list
                0x0000000004731664                alt_dev_null
 .data          0x000000000473168c        0x0 ../lab5_bsp/\libucosii_bsp.a(alt_errno.o)
 .data          0x000000000473168c        0x0 ../lab5_bsp/\libucosii_bsp.a(alt_fstat.o)
 .data          0x000000000473168c        0x0 ../lab5_bsp/\libucosii_bsp.a(alt_iic.o)
 .data          0x000000000473168c        0x0 ../lab5_bsp/\libucosii_bsp.a(alt_iic_isr_register.o)
 .data          0x000000000473168c        0x0 ../lab5_bsp/\libucosii_bsp.a(alt_irq_entry.o)
 .data          0x000000000473168c        0x0 ../lab5_bsp/\libucosii_bsp.a(alt_irq_handler.o)
 .data          0x000000000473168c        0x0 ../lab5_bsp/\libucosii_bsp.a(alt_irq_vars.o)
 .data          0x000000000473168c        0x0 ../lab5_bsp/\libucosii_bsp.a(alt_isatty.o)
 .data          0x000000000473168c        0x0 ../lab5_bsp/\libucosii_bsp.a(alt_load.o)
 .data          0x000000000473168c        0x0 ../lab5_bsp/\libucosii_bsp.a(alt_lseek.o)
 .data          0x000000000473168c        0x0 ../lab5_bsp/\libucosii_bsp.a(alt_main.o)
 .data          0x000000000473168c        0x0 ../lab5_bsp/\libucosii_bsp.a(alt_read.o)
 .data          0x000000000473168c        0x0 ../lab5_bsp/\libucosii_bsp.a(alt_release_fd.o)
 .data          0x000000000473168c        0x0 ../lab5_bsp/\libucosii_bsp.a(alt_sbrk.o)
 .data          0x000000000473168c        0x0 ../lab5_bsp/\libucosii_bsp.a(alt_tick.o)
 .data          0x000000000473168c        0x0 ../lab5_bsp/\libucosii_bsp.a(alt_write.o)
 .data          0x000000000473168c        0x0 ../lab5_bsp/\libucosii_bsp.a(alt_env_lock.o)
 .data          0x000000000473168c        0x0 ../lab5_bsp/\libucosii_bsp.a(alt_malloc_lock.o)
 .data          0x000000000473168c        0x0 ../lab5_bsp/\libucosii_bsp.a(os_core.o)
 .data          0x000000000473168c        0x0 ../lab5_bsp/\libucosii_bsp.a(os_dbg.o)
 .data          0x000000000473168c        0x0 ../lab5_bsp/\libucosii_bsp.a(os_flag.o)
 .data          0x000000000473168c        0x0 ../lab5_bsp/\libucosii_bsp.a(os_mem.o)
 .data          0x000000000473168c        0x0 ../lab5_bsp/\libucosii_bsp.a(os_q.o)
 .data          0x000000000473168c        0x0 ../lab5_bsp/\libucosii_bsp.a(os_sem.o)
 .data          0x000000000473168c        0x0 ../lab5_bsp/\libucosii_bsp.a(os_task.o)
 .data          0x000000000473168c        0x0 ../lab5_bsp/\libucosii_bsp.a(os_time.o)
 .data          0x000000000473168c     0x106c ../lab5_bsp/\libucosii_bsp.a(alt_sys_init.o)
 .data          0x00000000047326f8        0x0 ../lab5_bsp/\libucosii_bsp.a(altera_avalon_jtag_uart_fd.o)
 .data          0x00000000047326f8        0x0 ../lab5_bsp/\libucosii_bsp.a(altera_avalon_jtag_uart_init.o)
 .data          0x00000000047326f8        0x0 ../lab5_bsp/\libucosii_bsp.a(altera_avalon_jtag_uart_ioctl.o)
 .data          0x00000000047326f8        0x0 ../lab5_bsp/\libucosii_bsp.a(altera_avalon_jtag_uart_read.o)
 .data          0x00000000047326f8        0x0 ../lab5_bsp/\libucosii_bsp.a(altera_avalon_jtag_uart_write.o)
 .data          0x00000000047326f8        0x0 ../lab5_bsp/\libucosii_bsp.a(altera_avalon_timer_sc.o)
 .data          0x00000000047326f8        0x0 ../lab5_bsp/\libucosii_bsp.a(alt_alarm_start.o)
 .data          0x00000000047326f8        0x0 ../lab5_bsp/\libucosii_bsp.a(alt_dev_llist_insert.o)
 .data          0x00000000047326f8        0x0 ../lab5_bsp/\libucosii_bsp.a(alt_do_ctors.o)
 .data          0x00000000047326f8        0x0 ../lab5_bsp/\libucosii_bsp.a(alt_do_dtors.o)
 .data          0x00000000047326f8        0x0 ../lab5_bsp/\libucosii_bsp.a(alt_exception_entry.o)
 .data          0x00000000047326f8        0x0 ../lab5_bsp/\libucosii_bsp.a(alt_icache_flush_all.o)
 .data          0x00000000047326f8        0x0 ../lab5_bsp/\libucosii_bsp.a(alt_io_redirect.o)
 .data          0x00000000047326f8        0x0 ../lab5_bsp/\libucosii_bsp.a(alt_open.o)
 .data          0x00000000047326f8        0x0 ../lab5_bsp/\libucosii_bsp.a(altera_nios2_qsys_irq.o)
 .data          0x00000000047326f8        0x0 ../lab5_bsp/\libucosii_bsp.a(os_cpu_a.o)
 .data          0x00000000047326f8        0x0 ../lab5_bsp/\libucosii_bsp.a(os_cpu_c.o)
 .data          0x00000000047326f8        0x0 ../lab5_bsp/\libucosii_bsp.a(alt_find_dev.o)
 .data          0x00000000047326f8        0x0 ../lab5_bsp/\libucosii_bsp.a(alt_find_file.o)
 .data          0x00000000047326f8        0x0 ../lab5_bsp/\libucosii_bsp.a(alt_get_fd.o)
 .data          0x00000000047326f8        0x0 ../lab5_bsp/\libucosii_bsp.a(alt_icache_flush.o)
 .data          0x00000000047326f8        0x0 c:/altera/14.1/nios2eds/bin/gnu/h-x86_64-mingw32/bin/../lib/gcc/nios2-elf/4.8.3/../../../../../H-x86_64-mingw32/nios2-elf/lib\libc.a(lib_a-atexit.o)
 .data          0x00000000047326f8        0x0 c:/altera/14.1/nios2eds/bin/gnu/h-x86_64-mingw32/bin/../lib/gcc/nios2-elf/4.8.3/../../../../../H-x86_64-mingw32/nios2-elf/lib\libc.a(lib_a-exit.o)
 .data          0x00000000047326f8        0x0 c:/altera/14.1/nios2eds/bin/gnu/h-x86_64-mingw32/bin/../lib/gcc/nios2-elf/4.8.3/../../../../../H-x86_64-mingw32/nios2-elf/lib\libc.a(lib_a-memcmp.o)
 .data          0x00000000047326f8        0x0 c:/altera/14.1/nios2eds/bin/gnu/h-x86_64-mingw32/bin/../lib/gcc/nios2-elf/4.8.3/../../../../../H-x86_64-mingw32/nios2-elf/lib\libc.a(lib_a-__atexit.o)
 .data          0x00000000047326f8        0x0 c:/altera/14.1/nios2eds/bin/gnu/h-x86_64-mingw32/bin/../lib/gcc/nios2-elf/4.8.3/../../../../../H-x86_64-mingw32/nios2-elf/lib\libc.a(lib_a-__call_atexit.o)
 .data          0x00000000047326f8        0x0 ../lab5_bsp/\libucosii_bsp.a(alt_exit.o)
                0x000000000473a6f8                _gp = ABSOLUTE ((. + 0x8000))
                0x000000000473a6f8                PROVIDE (gp, _gp)
 *(.rwdata .rwdata.*)
 *(.sdata .sdata.* .gnu.linkonce.s.*)
 .sdata         0x00000000047326f8        0x4 obj/default/graphic_lib/simple_graphics.o
                0x00000000047326f8                cour10_font
 .sdata         0x00000000047326fc        0x4 obj/default/hello_ucosii.o
                0x00000000047326fc                freq_reader
 .sdata         0x0000000004732700        0x4 obj/default/song/song.o
                0x0000000004732700                size_song
 .sdata         0x0000000004732704        0x8 c:/altera/14.1/nios2eds/bin/gnu/h-x86_64-mingw32/bin/../lib/gcc/nios2-elf/4.8.3/../../../../../H-x86_64-mingw32/nios2-elf/lib\libc.a(lib_a-mallocr.o)
                0x0000000004732704                __malloc_sbrk_base
                0x0000000004732708                __malloc_trim_threshold
 .sdata         0x000000000473270c        0x8 c:/altera/14.1/nios2eds/bin/gnu/h-x86_64-mingw32/bin/../lib/gcc/nios2-elf/4.8.3/../../../../../H-x86_64-mingw32/nios2-elf/lib\libc.a(lib_a-impure.o)
                0x000000000473270c                _global_impure_ptr
                0x0000000004732710                _impure_ptr
 .sdata         0x0000000004732714        0x4 c:/altera/14.1/nios2eds/bin/gnu/h-x86_64-mingw32/bin/../lib/gcc/nios2-elf/4.8.3/../../../../../H-x86_64-mingw32/nios2-elf/lib\libc.a(lib_a-locale.o)
                0x0000000004732714                __mb_cur_max
 .sdata         0x0000000004732718        0x4 c:/altera/14.1/nios2eds/bin/gnu/h-x86_64-mingw32/bin/../lib/gcc/nios2-elf/4.8.3/../../../../../H-x86_64-mingw32/nios2-elf/lib\libc.a(lib_a-wctomb_r.o)
                0x0000000004732718                __wctomb
 .sdata         0x000000000473271c       0x14 ../lab5_bsp/\libucosii_bsp.a(alt_dev.o)
                0x000000000473271c                alt_max_fd
                0x0000000004732720                alt_dev_list
                0x0000000004732728                alt_fs_list
 .sdata         0x0000000004732730        0x4 ../lab5_bsp/\libucosii_bsp.a(alt_errno.o)
                0x0000000004732730                alt_errno
 .sdata         0x0000000004732734        0x4 ../lab5_bsp/\libucosii_bsp.a(alt_irq_vars.o)
                0x0000000004732734                alt_priority_mask
 .sdata         0x0000000004732738        0x4 ../lab5_bsp/\libucosii_bsp.a(alt_sbrk.o)
 .sdata         0x000000000473273c        0x8 ../lab5_bsp/\libucosii_bsp.a(alt_tick.o)
                0x000000000473273c                alt_alarm_list
 .sdata         0x0000000004732744        0x4 ../lab5_bsp/\libucosii_bsp.a(alt_env_lock.o)
 .sdata         0x0000000004732748        0x4 ../lab5_bsp/\libucosii_bsp.a(alt_malloc_lock.o)
 .sdata         0x000000000473274c       0x74 ../lab5_bsp/\libucosii_bsp.a(os_dbg.o)
                0x000000000473274c                OSDataSize
                0x000000000473274e                OSTmrWheelTblSize
                0x0000000004732750                OSTmrWheelSize
                0x0000000004732752                OSTmrTblSize
                0x0000000004732754                OSTmrSize
                0x0000000004732756                OSTmrCfgTicksPerSec
                0x0000000004732758                OSTmrCfgWheelSize
                0x000000000473275a                OSTmrCfgNameSize
                0x000000000473275c                OSTmrCfgMax
                0x000000000473275e                OSTmrEn
                0x0000000004732760                OSVersionNbr
                0x0000000004732762                OSTimeTickHookEn
                0x0000000004732764                OSTicksPerSec
                0x0000000004732766                OSTCBSize
                0x0000000004732768                OSTCBPrioTblMax
                0x000000000473276a                OSTaskSwHookEn
                0x000000000473276c                OSTaskStatStkChkEn
                0x000000000473276e                OSTaskStatStkSize
                0x0000000004732770                OSTaskStatEn
                0x0000000004732772                OSTaskNameSize
                0x0000000004732774                OSTaskMax
                0x0000000004732776                OSTaskProfileEn
                0x0000000004732778                OSTaskIdleStkSize
                0x000000000473277a                OSTaskDelEn
                0x000000000473277c                OSTaskCreateExtEn
                0x000000000473277e                OSTaskCreateEn
                0x0000000004732780                OSStkWidth
                0x0000000004732782                OSSemEn
                0x0000000004732784                OSRdyTblSize
                0x0000000004732786                OSQSize
                0x0000000004732788                OSQMax
                0x000000000473278a                OSQEn
                0x000000000473278c                OSPtrSize
                0x000000000473278e                OSMutexEn
                0x0000000004732790                OSMemTblSize
                0x0000000004732792                OSMemSize
                0x0000000004732794                OSMemNameSize
                0x0000000004732796                OSMemMax
                0x0000000004732798                OSMemEn
                0x000000000473279a                OSMboxEn
                0x000000000473279c                OSLowestPrio
                0x000000000473279e                OSFlagNameSize
                0x00000000047327a0                OSFlagMax
                0x00000000047327a2                OSFlagWidth
                0x00000000047327a4                OSFlagNodeSize
                0x00000000047327a6                OSFlagGrpSize
                0x00000000047327a8                OSFlagEn
                0x00000000047327aa                OSEventMultiEn
                0x00000000047327ac                OSEventTblSize
                0x00000000047327ae                OSEventSize
                0x00000000047327b0                OSEventNameSize
                0x00000000047327b2                OSEventMax
                0x00000000047327b4                OSEventEn
                0x00000000047327b8                OSEndiannessTest
                0x00000000047327bc                OSDebugEn
 *(.sdata2 .sdata2.* .gnu.linkonce.s2.*)
                0x00000000047327c0                . = ALIGN (0x4)
                0x00000000047327c0                _edata = ABSOLUTE (.)
                0x00000000047327c0                PROVIDE (edata, ABSOLUTE (.))
                0x00000000047327c0                PROVIDE (__ram_rwdata_end, ABSOLUTE (.))
                0x00000000047327c0                PROVIDE (__flash_rwdata_start, LOADADDR (.rwdata))

.bss            0x0000000004735ed8     0xf404
                0x0000000004735ed8                __bss_start = ABSOLUTE (.)
                0x0000000004735ed8                PROVIDE (__sbss_start, ABSOLUTE (.))
                0x0000000004735ed8                PROVIDE (___sbss_start, ABSOLUTE (.))
 *(.dynsbss)
 *(.sbss .sbss.* .gnu.linkonce.sb.*)
 .sbss          0x0000000004735ed8        0x1 obj/default/drivers/drivers.o
 .sbss          0x0000000004735ed9        0x3 obj/default/hello_ucosii.o
                0x0000000004735ed9                stop_song
                0x0000000004735eda                pause_song
                0x0000000004735edb                play_song
 .sbss          0x0000000004735edc        0x4 obj/default/hello_ucosii.o
                0x0000000004735edc                SW_Frame
 .sbss          0x0000000004735ee0        0xc c:/altera/14.1/nios2eds/bin/gnu/h-x86_64-mingw32/bin/../lib/gcc/nios2-elf/4.8.3/../../../../../H-x86_64-mingw32/nios2-elf/lib\libc.a(lib_a-mallocr.o)
                0x0000000004735ee0                __malloc_max_total_mem
                0x0000000004735ee4                __malloc_max_sbrked_mem
                0x0000000004735ee8                __malloc_top_pad
 .sbss          0x0000000004735eec        0x4 c:/altera/14.1/nios2eds/bin/gnu/h-x86_64-mingw32/bin/../lib/gcc/nios2-elf/4.8.3/../../../../../H-x86_64-mingw32/nios2-elf/lib\libc.a(lib_a-int_errno.o)
                0x0000000004735eec                errno
 .sbss          0x0000000004735ef0        0xc c:/altera/14.1/nios2eds/bin/gnu/h-x86_64-mingw32/bin/../lib/gcc/nios2-elf/4.8.3/../../../../../H-x86_64-mingw32/nios2-elf/lib\libc.a(lib_a-locale.o)
                0x0000000004735ef0                _PathLocale
                0x0000000004735ef4                __mlocale_changed
                0x0000000004735ef8                __nlocale_changed
 .sbss          0x0000000004735efc        0x4 ../lab5_bsp/\libucosii_bsp.a(alt_dev.o)
                0x0000000004735efc                alt_fd_list_lock
 .sbss          0x0000000004735f00        0x4 ../lab5_bsp/\libucosii_bsp.a(alt_irq_vars.o)
                0x0000000004735f00                alt_irq_active
 .sbss          0x0000000004735f04        0xc ../lab5_bsp/\libucosii_bsp.a(alt_main.o)
                0x0000000004735f04                alt_envp
                0x0000000004735f08                alt_argv
                0x0000000004735f0c                alt_argc
 .sbss          0x0000000004735f10        0x8 ../lab5_bsp/\libucosii_bsp.a(alt_tick.o)
                0x0000000004735f10                _alt_nticks
                0x0000000004735f14                _alt_tick_rate
 .sbss          0x0000000004735f18        0x8 ../lab5_bsp/\libucosii_bsp.a(alt_env_lock.o)
                0x0000000004735f1c                alt_envsem
 .sbss          0x0000000004735f20        0x8 ../lab5_bsp/\libucosii_bsp.a(alt_malloc_lock.o)
                0x0000000004735f24                alt_heapsem
 .sbss          0x0000000004735f28       0x50 ../lab5_bsp/\libucosii_bsp.a(os_core.o)
                0x0000000004735f28                OSLockNesting
                0x0000000004735f29                OSRunning
                0x0000000004735f2c                OSIdleCtr
                0x0000000004735f30                OSPrioHighRdy
                0x0000000004735f31                OSPrioCur
                0x0000000004735f34                OSTCBList
                0x0000000004735f38                OSTickStepState
                0x0000000004735f3c                OSCtxSwCtr
                0x0000000004735f40                OSIdleCtrMax
                0x0000000004735f44                OSTCBFreeList
                0x0000000004735f48                OSCPUUsage
                0x0000000004735f49                OSTaskCtr
                0x0000000004735f4c                OSMemFreeList
                0x0000000004735f50                OSTCBHighRdy
                0x0000000004735f54                OSQFreeList
                0x0000000004735f58                OSRdyGrp
                0x0000000004735f59                OSRdyTbl
                0x0000000004735f5c                OSEventFreeList
                0x0000000004735f60                OSIntNesting
                0x0000000004735f64                OSTCBCur
                0x0000000004735f68                OSTime
                0x0000000004735f6c                OSFlagFreeList
                0x0000000004735f70                OSStatRdy
                0x0000000004735f74                OSIdleCtrRun
 *(.sbss2 .sbss2.* .gnu.linkonce.sb2.*)
 *(.scommon)
                0x0000000004735f78                PROVIDE (__sbss_end, ABSOLUTE (.))
                0x0000000004735f78                PROVIDE (___sbss_end, ABSOLUTE (.))
 *(.dynbss)
 *(.bss .bss.* .gnu.linkonce.b.*)
 .bss           0x0000000004735f78        0x0 ../lab5_bsp//obj/HAL/src/crt0.o
 .bss           0x0000000004735f78        0x0 obj/default/drivers/drivers.o
 .bss           0x0000000004735f78        0x0 obj/default/fonts/tahomabold_20.o
 .bss           0x0000000004735f78        0x0 obj/default/fonts/tahomabold_32.o
 .bss           0x0000000004735f78        0x0 obj/default/frame.o
 .bss           0x0000000004735f78        0x0 obj/default/graphic_lib/draw_gimps.o
 .bss           0x0000000004735f78        0x0 obj/default/graphic_lib/gimp_bmp.o
 .bss           0x0000000004735f78        0x0 obj/default/graphic_lib/simple_graphics.o
 .bss           0x0000000004735f78        0x0 obj/default/graphic_lib/simple_text.o
 .bss           0x0000000004735f78        0x0 obj/default/hello_ucosii.o
 .bss           0x0000000004735f78        0x0 obj/default/imagenes/back_down.o
 .bss           0x0000000004735f78        0x0 obj/default/imagenes/back_up.o
 .bss           0x0000000004735f78        0x0 obj/default/imagenes/ford_down.o
 .bss           0x0000000004735f78        0x0 obj/default/imagenes/ford_up.o
 .bss           0x0000000004735f78        0x0 obj/default/imagenes/pause_down.o
 .bss           0x0000000004735f78        0x0 obj/default/imagenes/pause_up.o
 .bss           0x0000000004735f78        0x0 obj/default/imagenes/play_down.o
 .bss           0x0000000004735f78        0x0 obj/default/imagenes/play_up.o
 .bss           0x0000000004735f78        0x0 obj/default/imagenes/stop_down.o
 .bss           0x0000000004735f78        0x0 obj/default/imagenes/stop_up.o
 .bss           0x0000000004735f78        0x0 obj/default/song/song.o
 .bss           0x0000000004735f78        0x0 obj/default/student_code/student_code.o
 .bss           0x0000000004735f78        0x0 obj/default/vip_fr.o
 .bss           0x0000000004735f78        0x0 c:/altera/14.1/nios2eds/bin/gnu/h-x86_64-mingw32/bin/../lib/gcc/nios2-elf/4.8.3\libgcc.a(lib2-divmod.o)
 .bss           0x0000000004735f78        0x0 c:/altera/14.1/nios2eds/bin/gnu/h-x86_64-mingw32/bin/../lib/gcc/nios2-elf/4.8.3\libgcc.a(fixsfsi.o)
 .bss           0x0000000004735f78        0x0 c:/altera/14.1/nios2eds/bin/gnu/h-x86_64-mingw32/bin/../lib/gcc/nios2-elf/4.8.3/../../../../../H-x86_64-mingw32/nios2-elf/lib\libc.a(lib_a-malloc.o)
 .bss           0x0000000004735f78       0x28 c:/altera/14.1/nios2eds/bin/gnu/h-x86_64-mingw32/bin/../lib/gcc/nios2-elf/4.8.3/../../../../../H-x86_64-mingw32/nios2-elf/lib\libc.a(lib_a-mallocr.o)
                0x0000000004735f78                __malloc_current_mallinfo
 .bss           0x0000000004735fa0        0x0 c:/altera/14.1/nios2eds/bin/gnu/h-x86_64-mingw32/bin/../lib/gcc/nios2-elf/4.8.3/../../../../../H-x86_64-mingw32/nios2-elf/lib\libc.a(lib_a-memcpy.o)
 .bss           0x0000000004735fa0        0x0 c:/altera/14.1/nios2eds/bin/gnu/h-x86_64-mingw32/bin/../lib/gcc/nios2-elf/4.8.3/../../../../../H-x86_64-mingw32/nios2-elf/lib\libc.a(lib_a-memset.o)
 .bss           0x0000000004735fa0        0x0 c:/altera/14.1/nios2eds/bin/gnu/h-x86_64-mingw32/bin/../lib/gcc/nios2-elf/4.8.3/../../../../../H-x86_64-mingw32/nios2-elf/lib\libc.a(lib_a-printf.o)
 .bss           0x0000000004735fa0        0x0 c:/altera/14.1/nios2eds/bin/gnu/h-x86_64-mingw32/bin/../lib/gcc/nios2-elf/4.8.3/../../../../../H-x86_64-mingw32/nios2-elf/lib\libc.a(lib_a-sbrkr.o)
 .bss           0x0000000004735fa0        0x0 c:/altera/14.1/nios2eds/bin/gnu/h-x86_64-mingw32/bin/../lib/gcc/nios2-elf/4.8.3/../../../../../H-x86_64-mingw32/nios2-elf/lib\libc.a(lib_a-strcpy.o)
 .bss           0x0000000004735fa0        0x0 c:/altera/14.1/nios2eds/bin/gnu/h-x86_64-mingw32/bin/../lib/gcc/nios2-elf/4.8.3/../../../../../H-x86_64-mingw32/nios2-elf/lib\libc.a(lib_a-strlen.o)
 .bss           0x0000000004735fa0        0x0 c:/altera/14.1/nios2eds/bin/gnu/h-x86_64-mingw32/bin/../lib/gcc/nios2-elf/4.8.3/../../../../../H-x86_64-mingw32/nios2-elf/lib\libc.a(lib_a-vfprintf.o)
 .bss           0x0000000004735fa0        0x0 c:/altera/14.1/nios2eds/bin/gnu/h-x86_64-mingw32/bin/../lib/gcc/nios2-elf/4.8.3/../../../../../H-x86_64-mingw32/nios2-elf/lib\libc.a(lib_a-wsetup.o)
 .bss           0x0000000004735fa0        0x0 c:/altera/14.1/nios2eds/bin/gnu/h-x86_64-mingw32/bin/../lib/gcc/nios2-elf/4.8.3/../../../../../H-x86_64-mingw32/nios2-elf/lib\libc.a(lib_a-dtoa.o)
 .bss           0x0000000004735fa0        0x0 c:/altera/14.1/nios2eds/bin/gnu/h-x86_64-mingw32/bin/../lib/gcc/nios2-elf/4.8.3/../../../../../H-x86_64-mingw32/nios2-elf/lib\libc.a(lib_a-fflush.o)
 .bss           0x0000000004735fa0        0x0 c:/altera/14.1/nios2eds/bin/gnu/h-x86_64-mingw32/bin/../lib/gcc/nios2-elf/4.8.3/../../../../../H-x86_64-mingw32/nios2-elf/lib\libc.a(lib_a-findfp.o)
 .bss           0x0000000004735fa0        0x0 c:/altera/14.1/nios2eds/bin/gnu/h-x86_64-mingw32/bin/../lib/gcc/nios2-elf/4.8.3/../../../../../H-x86_64-mingw32/nios2-elf/lib\libc.a(lib_a-freer.o)
 .bss           0x0000000004735fa0        0x0 c:/altera/14.1/nios2eds/bin/gnu/h-x86_64-mingw32/bin/../lib/gcc/nios2-elf/4.8.3/../../../../../H-x86_64-mingw32/nios2-elf/lib\libc.a(lib_a-fwalk.o)
 .bss           0x0000000004735fa0        0x0 c:/altera/14.1/nios2eds/bin/gnu/h-x86_64-mingw32/bin/../lib/gcc/nios2-elf/4.8.3/../../../../../H-x86_64-mingw32/nios2-elf/lib\libc.a(lib_a-impure.o)
 .bss           0x0000000004735fa0        0x0 c:/altera/14.1/nios2eds/bin/gnu/h-x86_64-mingw32/bin/../lib/gcc/nios2-elf/4.8.3/../../../../../H-x86_64-mingw32/nios2-elf/lib\libc.a(lib_a-int_errno.o)
 .bss           0x0000000004735fa0        0x0 c:/altera/14.1/nios2eds/bin/gnu/h-x86_64-mingw32/bin/../lib/gcc/nios2-elf/4.8.3/../../../../../H-x86_64-mingw32/nios2-elf/lib\libc.a(lib_a-locale.o)
 .bss           0x0000000004735fa0        0x0 c:/altera/14.1/nios2eds/bin/gnu/h-x86_64-mingw32/bin/../lib/gcc/nios2-elf/4.8.3/../../../../../H-x86_64-mingw32/nios2-elf/lib\libc.a(lib_a-makebuf.o)
 .bss           0x0000000004735fa0        0x0 c:/altera/14.1/nios2eds/bin/gnu/h-x86_64-mingw32/bin/../lib/gcc/nios2-elf/4.8.3/../../../../../H-x86_64-mingw32/nios2-elf/lib\libc.a(lib_a-memchr.o)
 .bss           0x0000000004735fa0        0x0 c:/altera/14.1/nios2eds/bin/gnu/h-x86_64-mingw32/bin/../lib/gcc/nios2-elf/4.8.3/../../../../../H-x86_64-mingw32/nios2-elf/lib\libc.a(lib_a-mprec.o)
 .bss           0x0000000004735fa0        0x0 c:/altera/14.1/nios2eds/bin/gnu/h-x86_64-mingw32/bin/../lib/gcc/nios2-elf/4.8.3/../../../../../H-x86_64-mingw32/nios2-elf/lib\libc.a(lib_a-s_fpclassify.o)
 .bss           0x0000000004735fa0        0x0 c:/altera/14.1/nios2eds/bin/gnu/h-x86_64-mingw32/bin/../lib/gcc/nios2-elf/4.8.3/../../../../../H-x86_64-mingw32/nios2-elf/lib\libc.a(lib_a-stdio.o)
 .bss           0x0000000004735fa0        0x0 c:/altera/14.1/nios2eds/bin/gnu/h-x86_64-mingw32/bin/../lib/gcc/nios2-elf/4.8.3/../../../../../H-x86_64-mingw32/nios2-elf/lib\libc.a(lib_a-strcmp.o)
 .bss           0x0000000004735fa0        0x0 c:/altera/14.1/nios2eds/bin/gnu/h-x86_64-mingw32/bin/../lib/gcc/nios2-elf/4.8.3/../../../../../H-x86_64-mingw32/nios2-elf/lib\libc.a(lib_a-vfiprintf.o)
 .bss           0x0000000004735fa0        0x0 c:/altera/14.1/nios2eds/bin/gnu/h-x86_64-mingw32/bin/../lib/gcc/nios2-elf/4.8.3/../../../../../H-x86_64-mingw32/nios2-elf/lib\libc.a(lib_a-writer.o)
 .bss           0x0000000004735fa0        0x0 c:/altera/14.1/nios2eds/bin/gnu/h-x86_64-mingw32/bin/../lib/gcc/nios2-elf/4.8.3/../../../../../H-x86_64-mingw32/nios2-elf/lib\libc.a(closer.o)
 .bss           0x0000000004735fa0        0x0 c:/altera/14.1/nios2eds/bin/gnu/h-x86_64-mingw32/bin/../lib/gcc/nios2-elf/4.8.3/../../../../../H-x86_64-mingw32/nios2-elf/lib\libc.a(lib_a-callocr.o)
 .bss           0x0000000004735fa0        0x0 c:/altera/14.1/nios2eds/bin/gnu/h-x86_64-mingw32/bin/../lib/gcc/nios2-elf/4.8.3/../../../../../H-x86_64-mingw32/nios2-elf/lib\libc.a(lib_a-fclose.o)
 .bss           0x0000000004735fa0        0x0 c:/altera/14.1/nios2eds/bin/gnu/h-x86_64-mingw32/bin/../lib/gcc/nios2-elf/4.8.3/../../../../../H-x86_64-mingw32/nios2-elf/lib\libc.a(lib_a-fputwc.o)
 .bss           0x0000000004735fa0        0x0 c:/altera/14.1/nios2eds/bin/gnu/h-x86_64-mingw32/bin/../lib/gcc/nios2-elf/4.8.3/../../../../../H-x86_64-mingw32/nios2-elf/lib\libc.a(lib_a-fstatr.o)
 .bss           0x0000000004735fa0        0x0 c:/altera/14.1/nios2eds/bin/gnu/h-x86_64-mingw32/bin/../lib/gcc/nios2-elf/4.8.3/../../../../../H-x86_64-mingw32/nios2-elf/lib\libc.a(lib_a-fvwrite.o)
 .bss           0x0000000004735fa0        0x0 c:/altera/14.1/nios2eds/bin/gnu/h-x86_64-mingw32/bin/../lib/gcc/nios2-elf/4.8.3/../../../../../H-x86_64-mingw32/nios2-elf/lib\libc.a(lib_a-isattyr.o)
 .bss           0x0000000004735fa0        0x0 c:/altera/14.1/nios2eds/bin/gnu/h-x86_64-mingw32/bin/../lib/gcc/nios2-elf/4.8.3/../../../../../H-x86_64-mingw32/nios2-elf/lib\libc.a(lib_a-lseekr.o)
 .bss           0x0000000004735fa0        0x0 c:/altera/14.1/nios2eds/bin/gnu/h-x86_64-mingw32/bin/../lib/gcc/nios2-elf/4.8.3/../../../../../H-x86_64-mingw32/nios2-elf/lib\libc.a(lib_a-memmove.o)
 .bss           0x0000000004735fa0        0x0 c:/altera/14.1/nios2eds/bin/gnu/h-x86_64-mingw32/bin/../lib/gcc/nios2-elf/4.8.3/../../../../../H-x86_64-mingw32/nios2-elf/lib\libc.a(lib_a-readr.o)
 .bss           0x0000000004735fa0        0x0 c:/altera/14.1/nios2eds/bin/gnu/h-x86_64-mingw32/bin/../lib/gcc/nios2-elf/4.8.3/../../../../../H-x86_64-mingw32/nios2-elf/lib\libc.a(lib_a-reallocr.o)
 .bss           0x0000000004735fa0        0x0 c:/altera/14.1/nios2eds/bin/gnu/h-x86_64-mingw32/bin/../lib/gcc/nios2-elf/4.8.3/../../../../../H-x86_64-mingw32/nios2-elf/lib\libc.a(lib_a-wbuf.o)