Flow report for dds_and_nios_lab
Wed Nov 29 20:49:11 2017
Quartus II 64-Bit Version 14.1.0 Build 186 12/03/2014 SJ Full Version


---------------------
; Table of Contents ;
---------------------
  1. Legal Notice
  2. Flow Summary
  3. Flow Settings
  4. Flow Non-Default Global Settings
  5. Flow Elapsed Time
  6. Flow OS Summary
  7. Flow Log
  8. Flow Messages
  9. Flow Suppressed Messages



----------------
; Legal Notice ;
----------------
Copyright (C) 1991-2014 Altera Corporation. All rights reserved.
Your use of Altera Corporation's design tools, logic functions 
and other software and tools, and its AMPP partner logic 
functions, and any output files from any of the foregoing 
(including device programming or simulation files), and any 
associated documentation or information are expressly subject 
to the terms and conditions of the Altera Program License 
Subscription Agreement, the Altera Quartus II License Agreement,
the Altera MegaCore Function License Agreement, or other 
applicable license agreement, including, without limitation, 
that your use is for the sole purpose of programming logic 
devices manufactured by Altera and sold by Altera or its 
authorized distributors.  Please refer to the applicable 
agreement for further details.



+-------------------------------------------------------------------------------+
; Flow Summary                                                                  ;
+---------------------------------+---------------------------------------------+
; Flow Status                     ; Successful - Wed Nov 29 20:46:58 2017       ;
; Quartus II 64-Bit Version       ; 14.1.0 Build 186 12/03/2014 SJ Full Version ;
; Revision Name                   ; dds_and_nios_lab                            ;
; Top-level Entity Name           ; dds_and_nios_lab                            ;
; Family                          ; Cyclone V                                   ;
; Device                          ; 5CSEMA5F31C6                                ;
; Timing Models                   ; Final                                       ;
; Logic utilization (in ALMs)     ; 9,386 / 32,070 ( 29 % )                     ;
; Total registers                 ; 11031                                       ;
; Total pins                      ; 241 / 457 ( 53 % )                          ;
; Total virtual pins              ; 0                                           ;
; Total block memory bits         ; 232,848 / 4,065,280 ( 6 % )                 ;
; Total DSP Blocks                ; 2 / 87 ( 2 % )                              ;
; Total HSSI RX PCSs              ; 0                                           ;
; Total HSSI PMA RX Deserializers ; 0                                           ;
; Total HSSI TX PCSs              ; 0                                           ;
; Total HSSI PMA TX Serializers   ; 0                                           ;
; Total PLLs                      ; 2 / 6 ( 33 % )                              ;
; Total DLLs                      ; 0 / 4 ( 0 % )                               ;
+---------------------------------+---------------------------------------------+


+-----------------------------------------+
; Flow Settings                           ;
+-------------------+---------------------+
; Option            ; Setting             ;
+-------------------+---------------------+
; Start date & time ; 11/29/2017 20:33:19 ;
; Main task         ; Compilation         ;
; Revision Name     ; dds_and_nios_lab    ;
+-------------------+---------------------+


+---------------------------------------------------------------------------------------------------------------------------------------------------------------------+
; Flow Non-Default Global Settings                                                                                                                                    ;
+---------------------------------------------------+----------------------------------------------------------------+--------------------+--------------+------------+
; Assignment Name                                   ; Value                                                          ; Default Value      ; Entity Name  ; Section Id ;
+---------------------------------------------------+----------------------------------------------------------------+--------------------+--------------+------------+
; ALLOW_POWER_UP_DONT_CARE                          ; Off                                                            ; On                 ; --           ; --         ;
; BLOCK_RAM_AND_MLAB_EQUIVALENT_POWER_UP_CONDITIONS ; Care                                                           ; Auto               ; --           ; --         ;
; COMPILER_SIGNATURE_ID                             ; 268891674199434.151201639904348                                ; --                 ; --           ; --         ;
; ENABLE_IP_DEBUG                                   ; On                                                             ; Off                ; --           ; --         ;
; ENABLE_SIGNALTAP                                  ; On                                                             ; --                 ; --           ; --         ;
; EXTRACT_VERILOG_STATE_MACHINES                    ; Off                                                            ; On                 ; --           ; --         ;
; FITTER_EFFORT                                     ; Standard Fit                                                   ; Auto Fit           ; --           ; --         ;
; FIT_ONLY_ONE_ATTEMPT                              ; On                                                             ; Off                ; --           ; --         ;
; MAX_CORE_JUNCTION_TEMP                            ; 85                                                             ; --                 ; --           ; --         ;
; MIN_CORE_JUNCTION_TEMP                            ; 0                                                              ; --                 ; --           ; --         ;
; MISC_FILE                                         ; DE1_SoC_QSYS/synthesis/../DE1_SoC_QSYS.cmp                     ; --                 ; --           ; --         ;
; MISC_FILE                                         ; DE1_SoC_QSYS/synthesis/../../DE1_SoC_QSYS.qsys                 ; --                 ; --           ; --         ;
; NUMBER_OF_INVERTED_REGISTERS_REPORTED             ; 1000                                                           ; 100                ; --           ; --         ;
; OPTIMIZE_POWER_DURING_FITTING                     ; Off                                                            ; Normal compilation ; --           ; --         ;
; OPTIMIZE_POWER_DURING_SYNTHESIS                   ; Off                                                            ; Normal compilation ; --           ; --         ;
; OUTPUT_IO_TIMING_FAR_END_VMEAS                    ; Half Signal Swing                                              ; --                 ; --           ; --         ;
; OUTPUT_IO_TIMING_FAR_END_VMEAS                    ; Half Signal Swing                                              ; --                 ; --           ; --         ;
; OUTPUT_IO_TIMING_NEAR_END_VMEAS                   ; Half Vccio                                                     ; --                 ; --           ; --         ;
; OUTPUT_IO_TIMING_NEAR_END_VMEAS                   ; Half Vccio                                                     ; --                 ; --           ; --         ;
; PARTITION_COLOR                                   ; 16764057                                                       ; --                 ; --           ; Top        ;
; PARTITION_FITTER_PRESERVATION_LEVEL               ; PLACEMENT_AND_ROUTING                                          ; --                 ; --           ; Top        ;
; PARTITION_NETLIST_TYPE                            ; SOURCE                                                         ; --                 ; --           ; Top        ;
; PHYSICAL_SYNTHESIS_EFFORT                         ; Fast                                                           ; Normal             ; --           ; --         ;
; PHYSICAL_SYNTHESIS_REGISTER_RETIMING              ; On                                                             ; Off                ; --           ; --         ;
; POWER_BOARD_THERMAL_MODEL                         ; None (CONSERVATIVE)                                            ; --                 ; --           ; --         ;
; POWER_PRESET_COOLING_SOLUTION                     ; 23 MM HEAT SINK WITH 200 LFPM AIRFLOW                          ; --                 ; --           ; --         ;
; SAVE_DISK_SPACE                                   ; Off                                                            ; On                 ; --           ; --         ;
; SLD_FILE                                          ; DE1_SoC_QSYS/synthesis/DE1_SoC_QSYS.regmap                     ; --                 ; --           ; --         ;
; SLD_FILE                                          ; DE1_SoC_QSYS/synthesis/DE1_SoC_QSYS.debuginfo                  ; --                 ; --           ; --         ;
; SLD_INFO                                          ; QSYS_NAME DE1_SoC_QSYS HAS_SOPCINFO 1 GENERATION_ID 1511908727 ; --                 ; DE1_SoC_QSYS ; --         ;
; SOPCINFO_FILE                                     ; DE1_SoC_QSYS/synthesis/../../DE1_SoC_QSYS.sopcinfo             ; --                 ; --           ; --         ;
; SYNCHRONIZER_IDENTIFICATION                       ; Auto                                                           ; Off                ; --           ; --         ;
; SYNTHESIS_ONLY_QIP                                ; On                                                             ; --                 ; --           ; --         ;
; SYNTH_PROTECT_SDC_CONSTRAINT                      ; On                                                             ; Off                ; --           ; --         ;
; USE_SIGNALTAP_FILE                                ; stp1.stp                                                       ; --                 ; --           ; --         ;
; VERILOG_INPUT_VERSION                             ; SystemVerilog_2005                                             ; Verilog_2001       ; --           ; --         ;
; VERILOG_MACRO                                     ; SOFTWARE_IS_QUARTUS=<None>                                     ; --                 ; --           ; --         ;
; VERILOG_NON_CONSTANT_LOOP_LIMIT                   ; 5000                                                           ; 250                ; --           ; --         ;
; VERILOG_SHOW_LMF_MAPPING_MESSAGES                 ; Off                                                            ; --                 ; --           ; --         ;
+---------------------------------------------------+----------------------------------------------------------------+--------------------+--------------+------------+


+-------------------------------------------------------------------------------------------------------------------------------+
; Flow Elapsed Time                                                                                                             ;
+---------------------------+--------------+-------------------------+---------------------+------------------------------------+
; Module Name               ; Elapsed Time ; Average Processors Used ; Peak Virtual Memory ; Total CPU Time (on all processors) ;
+---------------------------+--------------+-------------------------+---------------------+------------------------------------+
; Analysis & Synthesis      ; 00:01:04     ; 1.6                     ; 1200 MB             ; 00:01:43                           ;
; Fitter                    ; 00:12:07     ; 3.2                     ; 3485 MB             ; 00:14:59                           ;
; Assembler                 ; 00:00:14     ; 1.0                     ; 867 MB              ; 00:00:15                           ;
; TimeQuest Timing Analyzer ; 00:02:11     ; 1.3                     ; 1742 MB             ; 00:02:43                           ;
; Total                     ; 00:15:36     ; --                      ; --                  ; 00:19:40                           ;
+---------------------------+--------------+-------------------------+---------------------+------------------------------------+


+----------------------------------------------------------------------------------------+
; Flow OS Summary                                                                        ;
+---------------------------+------------------+-----------+------------+----------------+
; Module Name               ; Machine Hostname ; OS Name   ; OS Version ; Processor type ;
+---------------------------+------------------+-----------+------------+----------------+
; Analysis & Synthesis      ; m348-pc48        ; Windows 7 ; 6.1        ; x86_64         ;
; Fitter                    ; m348-pc48        ; Windows 7 ; 6.1        ; x86_64         ;
; Assembler                 ; m348-pc48        ; Windows 7 ; 6.1        ; x86_64         ;
; TimeQuest Timing Analyzer ; m348-pc48        ; Windows 7 ; 6.1        ; x86_64         ;
+---------------------------+------------------+-----------+------------+----------------+


------------
; Flow Log ;
------------
quartus_map --read_settings_files=on --write_settings_files=off dds_and_nios_lab -c dds_and_nios_lab
quartus_fit --read_settings_files=off --write_settings_files=off dds_and_nios_lab -c dds_and_nios_lab
quartus_asm --read_settings_files=off --write_settings_files=off dds_and_nios_lab -c dds_and_nios_lab
quartus_sta dds_and_nios_lab -c dds_and_nios_lab



